
> ue-mcp-extended@0.7.1 test:tools
> node tests/run-unreal-tool-tests.mjs

[PASSED] Lighting Tools #1 – Directional light spawn uses defaults (42.2 ms) => {"success":true,"message":"Directional light 'MCP_Test_Directional' spawned"}
[PASSED] Lighting Tools #2 – Point light spawn at custom location (19.3 ms) => {"success":true,"message":"Point light 'MCP_Test_Point' spawned at 0, 0, 0"}
[PASSED] Lighting Tools #3 – Directional light rejects negative intensity (1.0 ms) => Failed to execute manage_level: Invalid intensity: must be non-negative
[PASSED] Lighting Tools #4 – Directional light custom intensity and color (21.0 ms) => {"success":true,"message":"Directional light 'Dir_Custom' spawned"}
[PASSED] Lighting Tools #5 – Directional light with custom rotation (22.0 ms) => {"success":true,"message":"Directional light 'Dir_Rot' spawned"}
[PASSED] Lighting Tools #6 – Point light custom location and radius (21.8 ms) => {"success":true,"message":"Point light 'Point_Custom' spawned at 100, 0, 400"}
[PASSED] Lighting Tools #7 – Point light invalid radius is rejected (0.9 ms) => Failed to execute manage_level: Invalid radius: must be non-negative
[PASSED] Lighting Tools #8 – Point light custom falloff exponent (21.3 ms) => {"success":true,"message":"Point light 'Point_Falloff' spawned at 0, 0, 0"}
[PASSED] Lighting Tools #9 – Spot light with cone overrides (22.8 ms) => {"success":true,"message":"Spot light 'Spot_Cone' spawned at 0, 0, 0"}
[PASSED] Lighting Tools #10 – Spot light rejects invalid cone order (0.9 ms) => Failed to execute manage_level: innerCone must be less than outerCone
[PASSED] Lighting Tools #11 – Spot light rejects outer cone above 180 (0.8 ms) => Failed to execute manage_level: Invalid outerCone: must be between 0 and 180 degrees
[PASSED] Lighting Tools #12 – Rect light width and height overrides (20.6 ms) => {"success":true,"message":"Rect light 'Rect_Custom' spawned at 0, 0, 0"}
[PASSED] Lighting Tools #13 – Rect light invalid width fails validation (0.7 ms) => Failed to execute manage_level: Invalid width: must be positive
[PASSED] Lighting Tools #14 – Sky light default spawn with recapture (22.1 ms) => {"success":true,"message":"Sky light ensured"}
[PASSED] Lighting Tools #15 – Sky light missing cubemap asset fails without cubemap (0.7 ms) => {"success":false,"error":"cubemapPath is required when sourceType is SpecifiedCubemap","message":"cubemapPath is required when sourceType is SpecifiedCubemap"}
[PASSED] Actor Tools #1 – Spawn cube actor for MCP smoke test (3072.6 ms) => {"success":true,"message":"Spawned MCP_Cube_A at (0, 0, 100)","actorName":"MCP_Cube_A","actorPath":"/Game/NewMap.NewMap:PersistentLevel.StaticMeshActor_UAID_B48C9D80FEFC20A802_1899952607","resolvedClass":"/Engine/BasicShapes/Cube","requestedClass":"/Engine/BasicShapes/Cube","location":{"x":0,"y":0,"z":100},"rotation":{"pitch":0,"yaw":0,"roll":0},"spawnMethod":"DirectRC"}
[PASSED] Actor Tools #2 – Delete previously spawned actor (3122.1 ms) => {"success":true,"message":"Deleted actor: MCP_Cube_A","deleted":"MCP_Cube_A","deleteMethod":"DirectRC"}
[PASSED] Actor Tools #3 – Spawn without class path returns validation error (2.4 ms) => Failed to execute control_actor: Invalid classPath: must be a non-empty string
[PASSED] Actor Tools #4 – Spawn cube actor with transform override (6188.4 ms) => {"success":true,"message":"Spawned MCP_Cube_B at (0, 100, 300)","actorName":"MCP_Cube_B","actorPath":"/Game/NewMap.NewMap:PersistentLevel.StaticMeshActor_UAID_B48C9D80FEFC20A802_1909267608","resolvedClass":"/Engine/BasicShapes/Cube","requestedClass":"/Engine/BasicShapes/Cube","location":{"x":0,"y":100,"z":300},"rotation":{"pitch":0,"yaw":45,"roll":0},"spawnMethod":"DirectRC"}
[PASSED] Actor Tools #5 – Delete missing actor returns error (3071.2 ms) => Failed to execute control_actor: Failed to delete actor 'MCP_Cube_Missing': Direct RC error: Actor not found: MCP_Cube_Missing. Python fallback error: Actor not found: MCP_Cube_Missing
[PASSED] Asset Tools #1 – List root content directory (23.2 ms) => {"success":true,"path":"/Game","summary":{"total":19,"folders":19,"assets":0},"foldersList":[{"Name":"Audio","Path":"/Game/Audio","Class":"Folder","isFolder":true},{"Name":"Bad_Path","Path":"/Game/Bad_Path","Class":"Folder","isFolder":true},{"Name":"Blueprints","Path":"/Game/Blueprints","Class":"Folder","isFolder":true},{"Name":"Cinematics","Path":"/Game/Cinematics","Class":"Folder","isFolder":true},{"Name":"Collections","Path":"/Game/Collections","Class":"Folder","isFolder":true},{"Name":"Developers","Path":"/Game/Developers","Class":"Folder","isFolder":true},{"Name":"Effects","Path":"/Game/Effects","Class":"Folder","isFolder":true},{"Name":"Input","Path":"/Game/Input","Class":"Folder","isFolder":true},{"Name":"Materials","Path":"/Game/Materials","Class":"Folder","isFolder":true},{"Name":"MCP","Path":"/Game/MCP","Class":"Folder","isFolder":true},{"Name":"RCPresets","Path":"/Game/RCPresets","Class":"Folder","isFolder":true},{"Name":"Scripts","Path":"/Game/Scripts","Class":"Folder","isFolder":true},{"Name":"TargetPractice","Path":"/Game/TargetPractice","Class":"Folder","isFolder":true},{"Name":"Test","Path":"/Game/Test","Class":"Folder","isFolder":true},{"Name":"TestAssets","Path":"/Game/TestAssets","Class":"Folder","isFolder":true},{"Name":"Tests","Path":"/Game/Tests","Class":"Folder","isFolder":true},{"Name":"UI","Path":"/Game/UI","Class":"Folder","isFolder":true},{"Name":"__ExternalActors__","Path":"/Game/__ExternalActors__","Class":"Folder","isFolder":true},{"Name":"__ExternalObjects__","Path":"/Game/__ExternalObjects__","Class":"Folder","isFolder":true}],"assets":[],"count":19,"note":"Immediate children of /Game: 19 folder(s), 0 asset(s)","method":"asset_registry_listing"}
[PASSED] Asset Tools #2 – Create material asset in MCP folder (19.5 ms) => {"success":true,"path":"/Game/MCP/Materials/MCP_TestMaterial","message":"Material MCP_TestMaterial already exists at /Game/MCP/Materials/MCP_TestMaterial"}
[PASSED] Asset Tools #3 – Import FBX with missing source file (253.6 ms) => {"success":false,"message":"Import failed: No assets imported (source: C:/Invalid/path/to/model.fbx)","error":"Import failed: No assets imported (source: C:/Invalid/path/to/model.fbx)"}
[PASSED] Asset Tools #4 – Create material in read-only engine folder (0.8 ms) => {"success":false,"error":"Destination path is read-only and cannot be used for material creation: /Engine/Restricted","message":"Destination path is read-only and cannot be used for material creation: /Engine/Restricted"}
[PASSED] Animation Tools #1 – Create animation blueprint with missing skeleton fails (274.1 ms) => {"success":false,"message":"Failed to create Animation Blueprint: Skeleton not found at /Game/MCP/NotReal.SK_NotReal","error":"Skeleton not found at /Game/MCP/NotReal.SK_NotReal","path":"/Game/Animations/ABP_MCP_Test","exists":false,"skeleton":"/Game/MCP/NotReal.SK_NotReal","warnings":["Skeleton not found at /Game/MCP/NotReal.SK_NotReal","Skeleton not found at /Game/MCP/NotReal.SK_NotReal"],"details":["Traceback (most recent call last):\n  File \"<string>\", line 47, in <module>\nRuntimeError: Skeleton not found at /Game/MCP/NotReal.SK_NotReal"]}
[PASSED] Animation Tools #2 – Play montage on missing actor fails gracefully (64.6 ms) => {"success":false,"message":"Failed to play animation: Actor not found: MissingActor","error":"Actor not found: MissingActor","warnings":["Actor search yielded no results"],"availableActors":["WorldPartitionMiniMap","VolumetricCloud","CineCameraActor3","SkyAtmosphere","CineCameraActor5","ExponentialHeightFog","CineCameraActor","Landscape","DirectionalLight","Sun","CineCameraActor2","CineCameraActor4","PlayerStart2","SM_SkySphere","Cube3","PointLight","PointLight3","PointLight4","Cube","CameraActor"],"actorName":"MissingActor","animationType":"Montage","assetPath":"/Game/MCP/Anims/MT_Missing"}
[PASSED] Animation Tools #3 – Setup ragdoll on missing actor fails (0.8 ms) => Failed to execute animation_physics: Invalid skeletonPath
[PASSED] Animation Tools #4 – Create animation blueprint using engine skeletal cube (74.9 ms) => {"success":false,"message":"Failed to create Animation Blueprint: Skeleton asset invalid at /Engine/EngineMeshes/SkeletalCube.SkeletalCube","error":"Skeleton asset invalid at /Engine/EngineMeshes/SkeletalCube.SkeletalCube","path":"/Game/MCP/Anims/ABP_MCP_EngineCube","exists":false,"skeleton":"/Engine/EngineMeshes/SkeletalCube.SkeletalCube","warnings":["Skeleton asset invalid at /Engine/EngineMeshes/SkeletalCube.SkeletalCube","Skeleton asset invalid at /Engine/EngineMeshes/SkeletalCube.SkeletalCube"],"details":["Traceback (most recent call last):\n  File \"<string>\", line 47, in <module>\nRuntimeError: Skeleton asset invalid at /Engine/EngineMeshes/SkeletalCube.SkeletalCube"]}
[PASSED] Blueprint Tools #1 – Create actor blueprint (128.7 ms) => {"success":true,"message":"Blueprint already exists at /Game/Blueprints/BP_Test","path":"/Game/Blueprints/BP_Test","exists":true,"parent":"<Object '/Game/Blueprints/BP_Test.BP_Test_C' (0x000001FAA60B8500) Class 'BlueprintGeneratedClass'>","details":["Blueprint already exists at /Game/Blueprints/BP_Test"]}
[PASSED] Blueprint Tools #2 – Create blueprint invalid parent (21.7 ms) => {"success":false,"message":"Failed to create blueprint: Parent class not found: /Script/NonExisting","error":"Parent class not found: /Script/NonExisting"}
[PASSED] Blueprint Tools #3 – Create blueprint whitespace name (135.9 ms) => {"success":true,"message":"Blueprint already exists at /Game/Blueprints/BP_Hello","path":"/Game/Blueprints/BP_Hello","exists":true,"parent":"<Object '/Game/Blueprints/BP_Hello.BP_Hello_C' (0x000001FAA60B0700) Class 'BlueprintGeneratedClass'>","details":["Blueprint already exists at /Game/Blueprints/BP_Hello"]}
[PASSED] Blueprint Tools #4 – Create blueprint missing path (115.1 ms) => {"success":true,"message":"Blueprint already exists at /Game/Blueprints/BP_DefaultPath","path":"/Game/Blueprints/BP_DefaultPath","exists":true,"parent":"<Object '/Game/Blueprints/BP_DefaultPath.BP_DefaultPath_C' (0x000001FAA60B7700) Class 'BlueprintGeneratedClass'>","details":["Blueprint already exists at /Game/Blueprints/BP_DefaultPath"]}
[PASSED] Blueprint Tools #5 – Create blueprint reserved keyword (147.8 ms) => {"success":true,"message":"Blueprint already exists at /Game/Blueprints/class_Asset","path":"/Game/Blueprints/class_Asset","exists":true,"parent":"<Object '/Game/Blueprints/class_Asset.class_Asset_C' (0x000001FAA60B2300) Class 'BlueprintGeneratedClass'>","details":["Blueprint already exists at /Game/Blueprints/class_Asset"]}
[PASSED] Blueprint Tools #6 – Create blueprint path with invalid characters (115.7 ms) => {"success":true,"message":"Blueprint already exists at /Game/Bad_Path/BP_BadPath","path":"/Game/Bad_Path/BP_BadPath","exists":true,"parent":"<Object '/Game/Bad_Path/BP_BadPath.BP_BadPath_C' (0x000001FAA60BD900) Class 'BlueprintGeneratedClass'>","details":["Blueprint already exists at /Game/Bad_Path/BP_BadPath"]}
[PASSED] Blueprint Tools #7 – Create blueprint when folder locked (0.7 ms) => {"success":false,"message":"Failed to create blueprint: destination path /Engine/Blueprints is read-only","error":"Failed to create blueprint: destination path /Engine/Blueprints is read-only"}
[PASSED] Blueprint Tools #8 – Add component to blueprint (133.1 ms) => {"success":true,"message":"Component MeshComp added to BP_Test","blueprintPath":"/Game/Blueprints/BP_Test","component":"MeshComp","componentType":"StaticMeshComponent","warnings":["Component addition is simulated due to limited Python access to SimpleConstructionScript"],"details":["Resolved blueprint at /Game/Blueprints/BP_Test","Blueprint ready for manual verification in editor if needed"]}
[PASSED] Blueprint Tools #9 – Add component to missing blueprint fails (115.9 ms) => {"success":false,"message":"Failed to add component: Blueprint not found: BP_Missing","error":"Blueprint not found: BP_Missing","blueprintPath":"BP_Missing","component":"MeshComp","componentType":"StaticMeshComponent"}
[PASSED] Blueprint Tools #10 – Add component with invalid component type fails (127.3 ms) => {"success":false,"message":"Failed to add component: Component class not found: InvalidComponent","error":"Component class not found: InvalidComponent","blueprintPath":"BP_Test","component":"BadComp","componentType":"InvalidComponent","details":["Resolved blueprint at /Game/Blueprints/BP_Test"]}
[PASSED] Material Tools #1 – Create material asset at custom path (21.3 ms) => {"success":true,"path":"/Game/MCP/Materials/MCP_TestMaterial","message":"Material MCP_TestMaterial already exists at /Game/MCP/Materials/MCP_TestMaterial"}
[PASSED] Material Tools #2 – Create material with invalid characters fails (0.7 ms) => {"success":false,"error":"Material name contains invalid characters: ' '. Avoid spaces, dots, slashes, backslashes, brackets, and special symbols."}
[PASSED] Material Tools #3 – Create material in read-only engine folder fails (0.6 ms) => {"success":false,"error":"Destination path is read-only and cannot be used for material creation: /Engine/Restricted","message":"Destination path is read-only and cannot be used for material creation: /Engine/Restricted"}
[PASSED] Material Tools #4 – Create material with empty name fails validation (1.0 ms) => Failed to execute manage_asset: Invalid name: must be a non-empty string
[PASSED] Material Tools #5 – Create material outside /Game or /Engine is rejected (0.4 ms) => {"success":false,"error":"Invalid path: must start with /Game or /Engine, got /Projects/Test"}
[PASSED] Material Tools #6 – Material name exceeding 100 characters fails (0.4 ms) => {"success":false,"error":"Material name too long (109 chars). Maximum is 100 characters."}
[PASSED] Niagara Tools #1 – Spawn debug sphere via Niagara tool (32.0 ms) => {"success":true,"action":"debug_sphere","params":{"center":[0,0,200],"radius":100,"segments":12,"color":[0,0.5,1,1],"duration":2,"thickness":1},"rawOutput":"DEBUG_DRAW:{\"action\": \"debug_sphere\", \"params\": {\"center\": [0, 0, 200], \"radius\": 100, \"segments\": 12, \"color\": [0, 0.5, 1, 1], \"duration\": 2, \"thickness\": 1}}","raw":{"CommandResult":"None","LogOutput":[{"Type":"Info","Output":"DEBUG_DRAW:{\"action\": \"debug_sphere\", \"params\": {\"center\": [0, 0, 200], \"radius\": 100, \"segments\": 12, \"color\": [0, 0.5, 1, 1], \"duration\": 2, \"thickness\": 1}}\r\n"}],"ReturnValue":true}}
[PASSED] Niagara Tools #2 – Spawn Niagara with missing asset fails (31.5 ms) => {"success":false,"error":"Niagara system not found at /Game/MCP/FX/NS_Missing"}
[PASSED] Niagara Tools #3 – Spawn Niagara particle preset (45.9 ms) => {"success":true,"message":"Fire effect MCP_Fire created","path":"/Game/Effects/Niagara/MCP_Fire"}
[PASSED] Niagara Tools #4 – Niagara particle invalid effect type fails (0.7 ms) => {"success":false,"error":"Invalid effectType: NotReal"}
[PASSED] Niagara Tools #5 – Niagara particle rejects non-string effect type (0.6 ms) => {"success":false,"error":"Invalid effectType: 123"}
[PASSED] Level Tools #1 – Save current level to ensure baseline (282.2 ms) => {"success":true,"message":"Level saved","warnings":["Unable to determine level dirty state; attempting save anyway"],"details":["Detected level package: /Game/NewMap","Level saved via LevelEditorSubsystem"]}
[PASSED] Level Tools #2 – Stream missing level returns error (103.2 ms) => {"success":false,"error":"Streaming levels unavailable","level":"NotARealSubLevel","loaded":true,"visible":true}
[PASSED] Level Tools #3 – Load level missing path parameter fails (0.8 ms) => Failed to execute manage_level: Missing required parameter: levelPath
[PASSED] Level Tools #4 – Load non-existent level returns error (22.2 ms) => {"success":false,"error":"Level not found: /Game/Maps/NotReal.NotReal","level":"/Game/Maps/NotReal"}
[PASSED] Level Tools #5 – Stream level unload invalid name (22.2 ms) => {"success":false,"error":"Streaming levels unavailable","level":"AnotherMissingSubLevel","loaded":false,"visible":false}
[PASSED] Sequence Tools #1 – Create sequence asset for MCP automation (46.0 ms) => {"success":true,"sequencePath":"/Game/MCP/Sequences/Seq_MCP_Test","existing":true}
[PASSED] Sequence Tools #2 – Add spawnable camera to MCP sequence (21.7 ms) => {"success":true,"cameraBindingId":"","cameraName":""}
[PASSED] Sequence Tools #3 – Open missing sequence returns error (43.2 ms) => {"success":false,"error":"Sequence not found"}
[PASSED] Sequence Tools #4 – Add actor binding with Sequencer disabled (22.6 ms) => {"success":false,"error":"Actor \"Cube_1\" not found. Sample actors: [{'label': 'WorldPartitionMiniMap', 'name': 'WorldPartitionMiniMap_UAID_3497F631D5890DD300_1296925927'}, {'label': 'VolumetricCloud', 'name': 'VolumetricCloud_UAID_A85E45CFE40401D200_1470381760'}, {'label': 'CineCameraActor3', 'name': 'CineCameraActor_UAID_B48C9D80FEFC7BA702_1767372508'}, {'label': 'SkyAtmosphere', 'name': 'SkyAtmosphere_UAID_A85E45CFE40401D200_1470382762'}, {'label': 'CineCameraActor5', 'name': 'CineCameraActor_UAID_B48C9D80FEFC7BA702_1770371510'}]"}
[PASSED] Sequence Tools #5 – Play sequence with loop mode pingpong (23.4 ms) => {"success":true,"playing":true,"loopMode":"pingpong"}
[PASSED] Sequence Tools #6 – Pause sequence when Sequencer disabled (22.2 ms) => {"success":false,"error":"No sequence is currently focused"}
[PASSED] Sequence Tools #7 – Set sequence properties frame rate and length (22.2 ms) => {"success":true,"changes":[{"property":"frameRate","value":30},{"property":"lengthInFrames","value":480}],"finalProperties":{"frameRate":{"numerator":30,"denominator":1},"playbackStart":0,"playbackEnd":480,"duration":480}}
[PASSED] Sequence Tools #8 – Get sequence bindings without focused sequence (22.9 ms) => {"success":false,"error":"No sequence found or loaded"}
[PASSED] UI Tools #1 – Create HUD widget through system control (23.5 ms) => {"success":true,"message":"Widget already exists at /Game/UI/Widgets/MCP_Widget","path":"/Game/UI/Widgets/MCP_Widget","exists":true}
[PASSED] UI Tools #2 – Show widget that does not exist fails (11.9 ms) => {"success":false,"error":"Widget asset not found for Widget_Does_Not_Exist"}
[PASSED] UI Tools #3 – Create widget invalid type fails validation (0.7 ms) => Failed to execute system_control: Missing required parameter: widgetType
[PASSED] UI Tools #4 – Show widget without providing a name fails (0.4 ms) => {"success":false,"error":"widgetName is required"}
[PASSED] Physics Tools #1 – Apply force to missing actor returns error (19.7 ms) => {"success":false,"error":"Actor not found: PhysicsBox","availableActors":["Cube3","Cube"]}
[PASSED] Physics Tools #2 – Apply force with invalid vector fails validation (0.9 ms) => Failed to execute control_actor: Invalid force: must have numeric x,y,z
[PASSED] Physics Tools #3 – Apply force with missing actor name fails validation (0.5 ms) => Failed to execute control_actor: Invalid actorName
[PASSED] Landscape Tools #1 – Create landscape actor for MCP tests (41.0 ms) => {"success":true,"message":"Landscape actor created","landscapeName":"Landscape_MCP","worldPartition":false,"landscapeActor":"/Game/NewMap.NewMap:PersistentLevel.LandscapePlaceholder_UAID_B48C9D80FEFC20A802_1914990609","details":["Landscape placeholder created - finalize via editor for full functionality","Actor scale set to (0.26, 0.26, 1.0)","Landscape spawned (config via editor tools recommended for 1x63 components)"]}
[PASSED] Landscape Tools #2 – Create landscape with negative size fails (0.6 ms) => {"success":false,"error":"Landscape sizeX must be a positive number"}
[PASSED] Landscape Tools #3 – Create small landscape with defaults (62.2 ms) => {"success":true,"message":"Landscape actor created","landscapeName":"Landscape_Small","worldPartition":false,"landscapeActor":"/Game/NewMap.NewMap:PersistentLevel.LandscapePlaceholder_UAID_B48C9D80FEFC20A802_1915051610","details":["Landscape placeholder created - finalize via editor for full functionality","Actor scale set to (1.00, 1.00, 1.0)","Landscape spawned (config via editor tools recommended for 1x63 components)"]}
[PASSED] Landscape Tools #4 – Landscape sculpt reports editor-only limitation (0.7 ms) => {"success":false,"error":"sculptLandscape not implemented via Remote Control. Requires Landscape editor tools."}
[PASSED] Build Environment Tools #1 – Add foliage type with invalid mesh path fails (0.8 ms) => {"success":false,"error":"Invalid meshPath: 'undefined'"}
[PASSED] Build Environment Tools #2 – Create procedural foliage without bounds fails (0.6 ms) => Failed to execute build_environment: bounds.location and bounds.size are required
[PASSED] Build Environment Tools #3 – Add foliage instances with missing asset fails (51.9 ms) => {"success":false,"error":"Could not load foliage asset: /Game/Foliage/Types/FT_Missing","message":"Failed to add foliage instances","payload":{"success":false,"error":"Could not load foliage asset: /Game/Foliage/Types/FT_Missing"}}
[PASSED] Performance Tools #1 – Enable FPS overlay (11.0 ms) => {"success":true,"message":"FPS display enabled","fpsVisible":true,"command":"stat fps"}
[PASSED] Performance Tools #2 – Set shadow quality to medium (147.7 ms) => {"success":true,"message":"Shadows quality set to level 2","verified":true,"readback":2,"method":"ConsoleOnly"}
[PASSED] Performance Tools #3 – Set shadow quality with invalid level fails (1.0 ms) => {"success":false,"error":"Invalid scalability level. Expected integer between 0 and 4."}
[PASSED] Performance Tools #4 – Start CPU profiling session (154.8 ms) => {"success":true,"message":"CPU profiling started"}
[PASSED] System Control Tools #1 – Trigger screenshot capture with defaults (1446.2 ms) => {"success":true,"imagePath":"C:/Users/Decipher/Documents/Unreal Projects/TestProjectGenAI/Saved/AutoScreenshot.png","imageMimeType":"image/png","imageSizeBytes":50553,"imageBase64":"iVBORw0KGgoAAAANSUhEUgAAAMAAAADACAYAAABS3GwHAAAgAElEQVR4Xmy9CY9k2ZUedjMzIjNyX2vt6p1NsoekR5zFYwsewIDlgQAD1g/wX9CP0D+RIQOGDcOW5UWyQdsCZc2MySGHM5xuNptb71WVVbkvsUeGv+Wc+15UT1RnR8SL9+5y7nfWe+69S//1v/iX88lkVvRa8v+Wl5fxPi+dlZXS7az4p2X+uFTu7u7KGPfz3ffla67vvH/h+tJSmU6mZTrz/fP5vCzhWr46K8tlhXXgun6LeyZ4Bl98G66zbUv8h/dOp+M68GV+N8PznTIajdU+fmbbsx/z+V3pdrsqg/WyKNSkenwP/lbwDH5gO3gP/zq8tjRX21fX1nCP27ICmizjd/Z/rbeme7tdt0dtQjmd7graxfrQ1niO9/d6PTy/SIPZbIrnV112mZXlD/+7Mr34uKDVqJN0YZF3aBv6wP6jvaTTHOXxna/ZdByfefOdB5L3qJ8sA/fi/iBmmU0Gou3SEvpLeoOGHhfeyvtIb/d3fjfR+9IyaZRl5JiwLbgW45N1s9w5esBR9pi6DQaY2+zKPE76rOu4t7QxFU1u4cXYaZXT+lx/i/uJl/riuOb3wDnL6RCYbhDb4cEXaACkjsAv5KmtHMTpDMTCv2QSPnqHwV7BwLTBH13D4MwEfpabTJMDx/sJiARnNnbG+wOgJqA7jZYJzKzbdGDbVsodmQuATcYyidlKAhbg1L1mGH5ewme2heTmZxEeZc7QNwKc7blbmqm81TWCMwAXfWX9bPdwOFJ7+Jl/KLVMphPQoqvrrH84pnAxvfpkUlzsrCyVvZ0tMd/K8loFwfJ0UPrTUbn69j8tpbteQTJDW9fRjvXeagGpQc8phNBUbWebb/vDQoEhxgjmsHAgCJfw2wTPzTEWU7WD3zVueNaU4v/Q52Aqkotjyl90jcIuGNljRSY2wGdgnrtZME8wZOIraZmgT5yzP4tCzYBe4bhqbAOqiUm2h/VqyA1qDT3+J/yEYEwBmfjw+FrI6V2f0fZgwmX0o7O22g1oGbIEOAGo95QG+CklHBnD9DKo+RqNJgLTBGBfWkppQ8lKqQgQrVJ6GJImHiRrlE868zvv87vBTe3jFpk4bNN8DibiQIlpLdGTsUjsZCwyrgYwJJM/ur2+HyDV/dRKZnJKweiYqMt61IYQWARCl7RSGWhj1g+pDTwC/GgXGYOSGkwJTIjgq9AGMzSAWoI9EbNEX6fTOz0jYchWAMTLK92ytr5e7lZ6ZQrA8rW2CkmN56boP++DPmDhZSomRl8pNSGhCXD1hcyMz6SBtBX6OBlP0bY1CzAw6GQ8Ds1HsFMDuM8ztEnARZvIXIAYhAHqxnUzAVqAzuXYsH5QIAS4x0qiCnXPRF8DtOJFOICokCr2vcIR/siPKwF+y2tLXgKVNXIMEvhsgPpGJmhZFnoK8GBbVa6q4XjhXvwto58cc5bFMYKmp8Qz+ChFXIk7QgIm5xAMNC8C8yxKDDIV6N1QSw13iENF9W9AN6pI9YCYfImrqZ4FVNyLP0nS4FhRGc+npOKgp2RiQ5ZCbQtcAW6BE5/ny2AytE/3S6va/BEIAdJlmDcrIATr0q9U27yXz8YATigx2S6B1sDlaxkUtunE51dEg+kdAIbvS2FOsh97u1tljlHtQgCsQYLzGdKE7bi4uq3MlaYfNcDGeFQ2IOmX19YtsQlGvCgALm/6MvXM6Nao/LQOU4wagYzP3wxcmkazMh5D2mt4OL7QBCHUWG6aURYuITBS6gfnG6j+nc9S+EizxJB67EzXBJyFU9ZpJjZjqNkV9BY+ljCJOZYtdHgoLLAwVqa7xaGuxzuJmIJPAtaF2QSl0g9zPk1vMToq4FjK1B0NoZZrwbiQNr8gDHUbUkiSV2o3+tNqeD6TEj5NGIJPNmI+k5IYjeoAcNIJ6qhV+RwdJbfyeRLH6hyqPRixEtn8Jsm1urrq+8QM9hH4rvLEjBw/mzg0h3wvTSwzvkVZMJbokAzhgUqGpNlCLSHgiF/pI1BqUtrYd/Aw2U/gN/pWvV63gmZOzUCxgypkigSD8TuZfApwb9EswvNT1MU2i4HxO6UpBZSYDc+JkeXbFF1P/6phDreG/2fZFFa27xszV+MTY8B7BXBKTwgPmp1koGQM3jeFFqk+nISdtToJkhq1aoC4TtoTO3ou6JPjRNrmZ40F6aBCwcQcswR7IF4mCwVIQgp4Ed2pJeTLoJ4qCDleFFKhBdFMapiKD2IQWO+w0wTRCgbY9nC8JKkbG5Gq01zpbtDRozlk9eVG84NNKEoLXrJ2CGFiPwFmBDm5vgQ+SxgzHFuJ/6prAk0iX6ExcbIN9JMp1QTsGI4lSvbQPNYkjYnB7y6fZgnrpHIgeE1Iql8KDGktlLcMmlDaU2VPyJT8PRpOYcAXJTvpoHtFVGtJfiYjX98M9Z2BA2oSgqq3Bo0As2ZzYy0EQDDbdqfcHXfL5XW/TIoZTByGN/ap21kuG+tbAjzHRoyC9zsgYjwaQdoDoAKe6ZiOLdtJDcbRtE2fJqVtcZkXIdlJE/lsuNnawjA3s1iqS6gkuwe4p/B9NNbBGB5imz7yIcL2bkbeQip9ycYUCuneAKTBCttBs0oGZ/NylR6f1Cgig4Qf/jQ2ITWDQfgExwfjZds0JWp2QrZiSFV1JR5kA2gO8S8Jk4CkRObg5L2W7smh0C5hB6cFKTKi9QZllb31GakoRXyCbOI1ifgq1WXbZTspCcKpXmZEJ9RoSkVJwGgP2+aIkftOiW0/j/2z3SrzK/w1ml+kswaNQKZdj+fTBGgkq505Ob1wTslo/EwbmmCwmdKFb2Bnns/bkUMJU0v+2/6gzDsbcjDFSJD4fG53e7PeL+AzAsa2jO/KgJqckhODKsc0TFMBhk6/9aHGzBrENJX2wFjWfkGg8DeWQbpIg4tIzWfzhaW6Ja99MtatgETQKqNl9pcCsPEhfQIKBLYxhSs1T0p+jr3Hx9pA2kxS3sKWDRQ2NKY0lWxCC5fU8rpGnwB+TUh8lR9mskxSStBpKxLCWigFbVcvhqQcAiWB0VHaloEeee74zMrpVBsMfJOokJSuQA865JskL58XhyaR+CxAA6kpzUPnCIPUDr1KGotBHNHJKAWdOHaAhJX9LDNMVr1MirZzncqL0lsEDvtzjj7KdozQLVuVNiPbIUAq+mPTZxJ2NkOnbMcY13qgAwdwJQBIemrMaD+jr9au1nYrd/RzQNdhH8FP0J7MC7+BDqZMCDIU2khGJ/AJVoLY/pVNOpYvf4ygoIRUMMtikFEj9tBawWCjpU0asZ/TydjmT4QqyVgEs7UD28y2GnD8TQJOdUNbRPTJ4oFtpMQ3HqawAPJFayBDwAK7gG5TS+2RoKDGQ9uJaWmx8Kuq8A5c4cksi4JIDC4t7tpozdh8bgIlGltcU8haXjKFKE3x8LBDBeiGLpzEwG6YPOZuSep42WH0FxK9gwFz7Dwvp7SxLW4H1hJYzwSAV9mgMG+qs5zmV7I9OZwDoQFwyDX9DpYnRz5eYebWaJH4MCSt5ElIXIfEojkEMW1zAicNTIVWHYmipCfBNUgELMyelNojgJ/EZRtSk1G6T/HsxvpqNQuo/eTE4XlKXZo5vD/nTOS3DG7KEQAm57mzbhBJEztgwHDnzS1i+HgRvGSEMZzm3vpGjTKJZAxYLFsTjEcGL9vJ36q5GdoicC1hZx+gNWcghrXgyODDEgURgDmPSFzS3ZreTEOm1BjX//mLNESET5dmFSiiUQoYcoPNIZec/p2FauPnpfm0YE5LK7EP9qNcv30e0T6ib4yosVxqWwhEf2GBflE6tc0YSww7uLaT01xJByq9/1SbkhAitiMHGeJMINqEwfWIlWfdNm8aQmUEKcN0/C4VCwbNuLDUsNx9P9dQXSyjgZXzCqeXICWAyS8CnOxaagsMuijeTO5VbRPqXVpEBCSbeHKPMiDtZEdeOCnWDSeeNi5VNBWSmZ/1k979wUyAlA0fzzWCoxl4alo715ZmGXVrx+uX4Ywz0pP2L+uidiHNSKsMCGQwQ45iSHpRKIAs04njLuc3wqm4z36GNUhKfz6XWiVN3NRsam2apEawmYKECKYTqcOK4S22zw3aBL1hFuZzMpfwbCBrtOCs50Sj8Ckm8R/7I03KeqO6jHYqSBOCqEMJzMHLkBrBH62ohVkreLa0mkUBOBKfQKizyTbmVMQqzIBVzHKqv0mUeI7VyJSixAnWy5lUgmRVvkkoVtnNtDPhjJJzCRpweX1BpdGM4ksECfUlztf1iNvD5LhDlGk0iegH1SeiBLLZKdnJkAG6jmZezcQjxsylaeiPMDhgAcH+kcg0h1glB9ATe3ZCLTVZBs0V+01yZkFPhjqpKdKZ1ECNjIrrmwHCoBEZU3/NmPzb3t4QzTJkLTuZ+OEYwAmmEGL9Y7SZv6Vdzs+KNElCRtBBQxXMHA6vgWxB47aH0xymj7Uw66ARhYozZikmTfu9ic4Y7BEBEjma8Lp8tDCBHPWJ8KoeMpdY8EQgI4HCzgbGZBEEzRtAmMlpsHTDPA9QW5gHjjl+HQ5Ugp6DXOsgbNAGDhbNDXUtHAhxcji82ZDUEGkAGRwRyWhJhLRjNfAyo2xPmrDhYCslIRzD6BW/U7KlQ2vVJhpF+GsOQGVUyszBdrMPlpwEDa9GNEtEDfUY4MpohdStVYnrY1PJV2JYUyjnKuTYoxLRjn1Q3L+LWeIJ/CVGgGg+4FrQgkywvwcGWO8ln+oZ0gvUFg2uMEcwXbFzmhKbdNvf3YaPRYkP6SF64XcwMMHOycgRIkGex7EPJPOMGlIS03QmA4sK8AvSwVYUKEwfp0Ykk9Cppc3vseAzrNdjYF9RLEsGlL2dAp9Mkz9wjPE5nHILipi9FcZicg2f0xlOfNcZfxaFP2sIy/oYeH0m70oABiYy8pcCVVqNTJthUAk806PDDlR7Wm22HSxzgoWjNZTuYg1V4N8zAkBCpJrmewKEv0tSVt1uFeXZZc74ocFwVlxs2vj+7DIaf8MhRX+34xn5NCq7AWSMiwaGcXtKFHZjNKJqT5vQ1Ax4V83UNgGtQDjQnmtwtMYmVkY9OphVzbbOZw7FOifIZpIjU9Ysy5TEMgU5A+r0BNGNAyEQpGllZ1ugEhD5ye3g5xFSL+4QfrbcsA9DxvZnq32aL12Etaklp+B4m412GtlHgtj9IrOSQfxM1GTwyyIw8MVM/EyAvgpyxRnDkSVCQliIE6gcFHg3Vj3OKbltFnt+wAzLG7IfYm5JavtclcuACfliYcIINyHgONvtCBtpx1CpI4W2L8LkiX5Kv4TwgwDL5LVoHN4IXAEVN5kRNCR6iIXxGc4d+HrzIsTHzHcB0T0wAe4qMSJxLABvILjedLJlb4Y5Y9+Cvzs0SemZjnK+swU0ERKcnOGlydOHBJbpgzIU6pWUtq+QL40L/icTJ6QtpXxKPEp3Sm5KdA6WHOdoA32AAQCZ1+4QhpQphDK7AOnGBnJ5RDNLp/SF2BaGLKvWDe3HqNfG1W/Lxuy67O3vQuM47YJSXaxMsGBAB2Dm6qwKQA7N8sUZ4bv5qqJSa0jgY71p+8tU5ZgKWGGi5LgysoVIkH9L08dCSE5oxusFTN2kMbMmELer/rTDUxskrUXyoLsZicCORD9BoMk+IIaSORI/erw1bhnlqb/rR2umDIgIH61nOKacsxHdQzgJG040cw3yjCNzk09n3LyWgw/M68l8oHYNpIVCYiwrnTcSL/oumzli37VDujlMhyBiu6eOQJggnmCKTonL7VTJueTvACslFMO0ihOHxHFM3swrqRbmgJhO8w9miswdqhIEz2V41ikJjoSQJh0wPyXLHSe3JIb9Ltpxoqu3E9LMtit/o4mTsfbb61s5rmYqp5QwPWN+eVZ6+99FHtym+sb7GVam/8AUiBn6dXV+LaBRCjapDSlYOLcRk4akbJp2xOgdntcEpf29TC9hThB9G+Pa4JakDzU5oxYJyarOUPvHmKYlEPItGCOkCvsdmik1nrR1Mp+sCLQrNFgFc8wj5DxT1iUGE7N7LiUleJqf/u6b5Ne0AjmOvjk3TZO+Ycrz2Q4HIqWpOaFlo0lSu8B0itgIO7yWAuZu/u5wZ80ADLaXR85OSuWh0wo3xisUgGdlM8O0kVAMV7FeDmp7DiAQK2B3YerQgWIYU20MHkkt8mqKgJnWJoc+hzRI55d9ESDknKNH1LFxfzrV6RjK5g/NINubTIN5Cb4yv4ZmUTqi1Aymo808AQ6CMM0TzTHAYaavw1Iy7KxZX9BgBtufg0gJL3sc7UvzMJ1F1av6GQVyCFWJYaoT36PeDClTo7ktxHY6x9Y2esXYS3KHueKoXExCiTa2EnRNLTddpR9YdhVIOfCgm8zDiNdL9RgMGWkjXQlUNsM5Y2xKgJvObYa+VY/Bn0yc0cM2E4hBOLsN+mxs9KpfJCdYoKeUWotU40BR2uaSNrSnqCHkiNoJTPvNE1IwpSK3I6BViedwqFMrmqnyDFlBq9B0CE3U+AwOHU4pCcMWzvQIqsBu186abHva/Kw0HKEkPuujyiOJKEUFZU608HvMGibz55oA3kQCTgCewWBUJ84yQ9LpDkgDiTUArFbOe6SPSyri2g0S1/hKaUUAzxHCZ0rz9ta65gg0ucfYOCUuPvfuEOEZ9OFAY2IqZuJZFm1/ajjSnWYOzbylpVWBnO2nEBMz4TOZg7Y/iUJgTGDarMydKpJJchlIsHhrzJ5QADapUlI38t7mkCa3bA5KQ0tA6pLGQh8MyWqBpOZOS0LSXu1tTBtpSknqZvKVz3WFKd5nvLifBjtx4IhWG5P2szgnRVw5l8p6xEzMoMGkrK87etZhgRwkZytG5KVVmUJumq62RMgIQEpQFkr1ns+qFo+FKs/1BiISmxGdUIfwnUBKcPk5i3Axjbg7QmiUzOgwc2jsmDfOn3CvobAUIyNwcDKhLp25DOHJjg+zKBSV5wo0IRfOmwbbsXe9E2x4hiqU5Tos6dTapKElT0cA1uw3JeIkTCyq7kgF4USXUrZpW0NjKCsSA885hKsXl+Vs/VpmJAeSEp2g5rOUXBtYVNPpwEQKxhvCNOr1HPXpD4bl9rZvZ5daQ/MM8OdwXeFazfnwQc7SRt6QtDZnkWGSBXhzbGPEGmlOQS3GyIhNgBg3qu/SBnb+/TIzULonfhT1pADl+ONLj5mvuIvZrOvra/pOzDGNhP3fRJ9JF44Tx4I+ppMtzRA5M69xE744Gw56gCmI6ZxboMZkebzm0LHXR0isKJ8agFGoKHRJhiZTQ2SI1IAJNPPZmEizg9VEBAR+5qSHJjVj+Esyi9YLMExYIyOpxyL+LKlioBH4rGuEBSZTTjCReaCx6iCZvdS2CtwWwymaI3u/Ca961ndR6rAURlDSRCGYHE+HyQHtwd/WxKDsLyMrBme+LGGcWtCSBPoo7QEziK+cpNLAkcmCPsrcpBnDMGVMQjnCE9dRkDSjpLQ1t7UcTSaaRtboaXJK6uHamFoqymtPOKVpKc2M/3ISLKWs2ho+XVDYuFYdbaDLCHLfYjwJE6XQ49qaAiddOfU5l9G/HSIx0GNIBmAoV9oeROEiG/67QTJhZ4XrTVJDcLzsQNtMotlpM1MvCXtHGxncoMYkg6+sQHOGPylM0Wph9gJbRwlfV4aFynP0hJqhldsTphEbSKJPp5bwnoGNKFGAPJ/nRISplXaaiUQ/wk6rJ95yQsS2rCM2jHkz14dSg+M6xgQWpcsKYtk5GSTZT75hGex/1O9oQDCqqvdn+SRss7IHIbWYNyLTzKkPzmuiidVEnFhmFyu00h+isyuJh7Y57dr2ensybgnPSzrJaUPEDDflUkkmu5Fu6aCLNpyphtZY39opm5tcCxApFss9O/pMx1BUh/R2LpCYR2FMM0d3da0wgWIMINHp9SQR2xG5TWinUjaS5hQG0ATpl9iH4YSZtY+S2cKvytljS/KYfddn0zXDxaQb20ncJOD4znkR2vDE98XFrW19fLm4vPUkY6TDUNulueP8f49vpjxkQKPJ9HUqDCW/GFWDHBYB6uJcyMa6NbbLbeZ/HAUKiZiqTeqJziXt3FgBpQEyjPUidzGiENZKAz5JPYOMi0BqPkY+GEjV4NWnwiyybyhGYWM5U0rwsz2U+JSQVuHUVJZ4OdeS0RXeK3MExHQUIVW2zZC0fX0d5TIqJFMjcsYJStyo9OsgmO7FP7aFhbDetLlTKvGeXLiytbVRNrc2ARxmcHJdr2mXiXM0Wc7Ob2oGZiUNpNTexUW5t90rmzAFlpawVFKml9unfoNul1c38k3EdLDvpSWYgSupxiiHHfgOVpRZG1iYiFFRhqQsQ4HUlIpqKaYUdVFLhqBgX0N9N/liTI0I3yvu45isrTk1nnVruSXq0ypB1EeGZT8yyJHGgzViCs34HPRN80hBBz2QM/qmVi1Dgs9lM1oWikn4y7IFekURnXaiDFtobkpVYWUxAuTB0kKBSEUNFKFwsZW4zABwQ7LSVIACP+16SdJGMudAZz6LOtL4Oym+BbTNDdvZzKGPLrsZKFBOOJ2vYEpJbjp8cnZMKJtlaWrZV/AsY8Sx1Q/nB1ljWmWmaZC2bEZWWDfrVToBzQ+FRe3AMlLF5ym55AuJKNZUkpaRSEnpR2XodAX7VbzVDifTMJzgNqWWw41MOEupowmd0FCp3vnckLa90jAg9Yf4zBDfzAt/hpyFRrutoYKB+FmAx3VmsEZI2DlADiurkaR1CDOjLUaSAgb/CHQu9NHcDLDCmWlq8j4Yk5o9wc6725NcFbhqT2V9lZ5Jjqo7/lfxo/FijN++DptmaZ5zTaAXtFxPAQILO/loyQgCuwsegGYOgpj5lAuULzutViVj5oU3LRYRrCWsrjL/0k6tmUHSihKVA4yBNLdaolSJTxrnhBZ5iuDk4NLBjNx/p1w7uSz+s8QigAP8nlUNRhAzREhN0samQYYmgdTQALzucc7sxzS9cl2pmKTO/oYDLmYNO1xmBRnBALYD7wmyXF/AmL3oRK3B6BMZjAtrtKbXbSajy7+g6kf58oc01xBLHmP0qy9CunJdLukQ4OTEW2oAdpBM2JgKCRabM9KY4Zfku/LlmadEUy0miMS8bI+icrFoBcwrwYS1yt2OBq0MIeFvYcPTDPY4mE1yXDRuMrFSWBknOVO+IBpjbBVGpz/K8RF4mj+X7/mgdlaysetgBfOjenByLRyjQYkN3EWLhvQfUoOKI8gAoTok2ThwwY3mXo+CbzXwadv5+tfBOadmwC/KsozZPcPf3V183tcFFJpcCGsOMcvJmc5Mdcjf405JdtnmCiVEB6P8HCzNCYR9nBGklPRyQqkdOFAKE4YkifYpzIfPks5cFsjrnJjhAGka3uFPthWxLw2mbFeWF2FcmjiZx87rDMeRETSfgbppIpHmOcmmEDPj/rhv6267jK+fwkS6UhSIr0xxUFq0RV/ZwY4SGZ0iGMbLmC2WmRNrDTRP4GxQae10EFke+0ChEwvDIxul2uA5VvYfStnZYmTGYz4cjLGWmYt8LEWajQYaOgp8coJtAaQ9n2OZjEWipXxtmysOkPhHklQ2u3xCIykzatMxz/IrVmnWhPVSf2uZs+uIorEOZSygSKfI0xnVek+1uELKGDcXa7GLuCvuSS6Nu8l9TjMlOJN5sjyrHKWniiP90gwpwYRrAzhJIyZ5qftNvkxOvijeHM+omQG41ErSDgKw9LTKdE2+JrXMyZdU8fweat8Mbu2g6Ar7HUxMgDOCorwe3d8MqrIio02MWvBHbpXCF7UANcVoTjvdZkUP6Ql8PgeIINX8SxcVUmWjTwPMA1xcXFUpzDHJdAbWv41VYUoJCYbI+Qc6vmorIh831wijEuTqS2oMpzlrj6R4aQKOWiW0KS8z2sXFPBvb8MHAHWNE3bisk6HdpLVJbPNGTIB/QXkvyMn5AJG/5e0JGpE4WGWo0ZBSW4IS7ZGfSY3ByR/WJ+eVz9MEgwCJ6FI6t+k3ZGCBJpnnSSzsMmzK+/j87t6uaIx9gbiMMZOfolXRIFZMAJLrOKnAJwSWCnADjBMvWl0k9DahUHGU9J5Vl9NW+Z2S2JEW7hDBlV/pV9SZWyFNxet/2pkhgCTyB6CTYbUvDgdC8X/n3ogJpF5DkhAUAG2zON7t0z1ZlZje2oVugxatxGRMzrp6UspsYykYDje+5xoIlsmwJO1yaRb80XlnuYoMaXZWndMrzceUfmPuOcQcJJmH3MvHAkb11jYyukLpbxMsx8H+ScxriA4hVVFPaieZIhouCxb6AF1ovS3MUZCROKdweTWSE5uaNAhp4RNaoJo5QTMPmPuVi2nMB2iHIsfGg6/FJJro6GaaVmYCpZTH7O8d7X1FjpwCwlynBRM9xpr1cgzom/A+ranAtfYcF4XEFq5tbG6UjsJnCvnZF6i2UzRQTg0K0YoiIdxhqaop1AkQD45RO1Zkoi0u40tbfx1mFD9fXccMJoqzX5G6QdX4BWJo3QDe7TiGV6km5BS8Y8JsVzrAes/+kCgEoCQCr6d54L4kkzgL1bIsTT7/Fn1RdMWETYnF3Rq8w4S4TE12arPL1StU8FplBu4H5BSOu1g2SAmnhD54w3zKu87F4/iQW55ktqYiLBGCpVRjREgZp2JWSjynZjvr046w2hTRD/ZTTjyBD2G0vWnb+aY/ghZCmJZmZJphagiByyWmTaQvRsgMKTrZAmg7wRZWKYA8oPxdtn5YA42Z5A6nL7CCVO+cQKvE4Oih3WwfLRLjMcbRDVF7iCcmJPa5vlqCWLe6fHzmdd7TqWaNydP0CQVpT5l4UtCQA5r3oSP4rrx/ba4Vd8aoJYebcSwZVzGZxQmtEaQZIzzJMJqdS8BKz7kpErLs8NBT89qtIEyfoFSVhmRiR2lioCXV3XGBn+uLtf8R6kWkhC/b5XZiveyRWPX37E9qC9araAekR03Hjr52Y50C7Uva+Jq7kI0duXwfACgAACAASURBVPiU0BHyO0cyWy5WcTIZ5wfg2EHf3wfwtrC88fBgD4AegQl6ulfzDpTqNAvQ5nP4CBmJcgjU8XqmPTD0ytlU0pxOsZiVfh7px88EHtplwQefhBE3dPYWwOefJbFnuFuRaVDL4U/RRmMTZm6+g9A5KcpMT61VjjBf+ke5LiEZRkOpsW7oY7u/ESQpwXNRjGVvgj7Co2IwhzszusPxJR62IOUZ0EnBnSY434lvZ4NGCLHVHhFO9nBwmPkjOdTA0mKZ3OmhEiK4DG85o0rC9BAr5mswZBgwieeQq6SBik8HyGWokZFh6mS1iCpEpCBzPLxxVSbM8T13tPAssyJTMplEvirZMrLjNa9YtMKMUt6Hu2obIYW8tUekFnOwKD2jPM3iwt5nRMaSx9EXqvr2TnJeqzqX5OE7nWUnwYEJx3CkGTuH2bG5wfAsZr4BfmosmZ4gDmmp1AaUTXvccX07csrnD2FB0G9sYh6CzEcJF5I+HXyZFpi93t7sYpa0gzXG8BluaepwDsDAJh68lqGxu3OtNMGtSTKZI9Yrztv3whRpFu5dR61nWRRjG6FI1EHjL80UL6JnX6Iu+WhoC1f84T/6jSzGNn4sZBHDxIw+Po+wLjoZUuagTCzb/dS621sweFhvu4wQSB1PgUdLo7HKP2EMvqoMsphYofbIERFHBwxe/5Y6RGoKZdDWZxSB5gsdqqqJII35iHZLkNIz+NtOrezmmNoXIZV1iPryWkgjrlPO8GJK1ZRSvJ5gZt3puHptsafUFbXA2trUHiGU1J+UtJTE2TZLcCx853wAHTaGMxnCFYPaZDNTWcIvY4GGbdsI5UryO6TLd5bHQE0u+9RajDBn5ABLI8VCoSCgw4mx7yfu5b5ATKlmv7WKy2iOMfOoaFkmzMa9vZ5M2hcnN9KqXvXluZIMJ3MxUWNj24yRf6axCkYJTMjCkBQ2PPhyiNdJeLrMtoQpmPS1qeQtEaulIWFsrc05EQoJg71VeApic59ob1/IOJxhAZBygvTZtOAKvNTsbS3QYUw0VZLARacX4LYd615V4IeKcC47J8S8I3OTycmvEY9HR9bXuUksTB4Af4Z4cU40SUpwdhfF5z5CufiiagESUVI/QmBRLkmV9whAsqMjFTqkYDKkbOOY/NEAR5TKUsITWDE2BmTY45kOkYOtRfMpzdAm70ZHRy2d3zrKUrcZy6bJxBrSH5FtGzPUFhxEDswvmIAzMseNK2G/KPk8CxxMGFGoKQMKKGMUYU5JX9rxaFNqyPRhzGQOhbINO5D6nJq4vMbuEjB3MuM0Aw8JQ2lbOenNq0bPwilPB9bAb2xwXw9hhv4p3Bzgz9Kkh41Wr4ATA5lV2HYlo2hsvJVLD5pKUDRQK9BT+GojYjzP3B/dp7kwP8/rA2hdmrhrNA2zVyoHtEw7OVUkCZ9+QZUAYcuxSAFWHPlKmnI0jP2gPb+zu6H+0rZdgXRdUSc8wPy/woUcXMWog2iUkl5l7cYp7u80YF90xxwJofRzZKTaeGHfpvSXrU7Acu6Cz3MSp45Cgt9LPrVFZNSR0iaBkcsdtZt1xJgzd0Xt5OQMAHmDTEyNDplD2sUaTJIX3zlJs7Oz6VnnYB5KQPZjBQDe6e6X8c1TpTssR/QtV9blwhUyRw/STBEiObmc3jeBMo2Z9BFtZBoxNaSU/Z2eJq9eXjqyk6HKpJHAlKYjHHHhoRVJ85iwax57CRB9CtEf0hwJUoIxDR0qoZz4Mt4XU5uN8WYDYdZR/QU94BBmSnkzklM7MuxpQYY0ca2x9qRq20dwMVxZx6zZyHhWu2K1YAUXGk1O8m7RiYQATFRM29brfN1wqbCYes5yuBvyBhwrSrvMA0lQWEdicGKPSQON7G/1L8krJvAvjpdH1KnFAPwoqS/b3r5Bnbrnb2Fa0BGjJhOdW86z7OOQMJlnk1pEW6dILTc74zE2ninfuf2HEtQiLKu4Ecpk/ovownYBTDKLOMvKhSy4TmZew3cRP+xZJYwpAOABGdzelJvSx2qzOO8gnF9uu87XJpw6CiiO0+zOM9JkDtnUYKLMGu1j/yD6cZu9lbKN3KKLy365uoGZwL5xPkBOvyN/GWlJgKYpSsLJd7GIrsASECWRHZ62ZDJgbV60BE0wjs1Lr5yjeZX3slyaorkVv4MFLidB6hh+7LSBLIF6nXXFbxQoXuhi32Ax9m/aZuo6U8bNexBeuhsd4WAJLLIdfVWYE1AMqpwsSwYJDKWlpD0vyWWyZ3P2MQjCVUEkjBKStAgnmSs+hj0nFQei0HSqs4ZqYTCKdaHSApwWYRWrXjTcHAPRtD/zhyxVQotwSNgeeW85fxEpwZImLN/OLOmaC1A60Gi26c1YfHfAwIxAuuS267lVIJudNnTOHmdeFf0JZqU669Ob6eaWhszn14DK13Dm5zLy/zXbHRJaA4s5Bu0uFyYfn6HU39leL89fXmmWvbZPA+sRcNpHmCESWxH21bg5r95iqgF1mjU2R5w9W0EQ2tmw8bh4XqbZa8gy2WMq7YU+MaGueQme8dV0ztRnxfZlygazBT6XlkwnRuHSvLL53MwkK3AhB3kJES8zQSftZN6srfVEnIC4Omi7zOtnnauhVzVL6KRwVVfO6Lb2FWp56gZMSP9WVysfSMvkKi/XWzeGeiVKReYy4NiOGJowyyysrJYbNZ23plOYeTEGOYlS5wDkfMZmUGH6UbpQhdL25g4PyWiyr/EfzfqUvI3t2sy60oeg+WRJa+2iVwCIg4pwXADF2xeSKRygYF9zwN1uzXlQjpKpxMzBnJKu+McDODSTW8qz40uEf3PArJ0I2twxwss/zbSaq5JGbQYo12t4FsttzjmXKnAC/+5SI/8956Kr0jbNehMXVVmHAEe7FlMYkkQGscrghsy4L/dlWsSpNzfojrhwKDYkCC63tE8lhTmP7S3VN0QCYUf5LNhIUuDPSaaqytx4dsqrawz+loLwVP7qslJ0BwNuwxHUE0Wd15NPkGB5oorNHgM1sKCBYKo6G+c9bfhz1BmTLGxPmhfUEgFttbOWF4CgpBjNYw/T9qi2JLcmjtiWyqzyoNCPXOVmRiTQOH/RUfQqtzT0VDsBwZNkZG8zbIfyOtjcNtekpsnDft1iqSTpSBs9w6QEI7OGR5gHWMW5AFsbm4pMOYLRbAkjJo2Qo/OdvOhIDCVNaBu612UEZamcXiBvh9dIG/aP/aa5JUZsnFwxrQSQOqP72F9O8kn2p0bTmDnEaUPVY+hZ5XA7RWc/0+KjcHajTsnKMHX4nExOzkv4IQM25wZsvqRCYcbnfGDzN++rGMIVBnUYpLDpa+xmGoRK4X+ob3dvp9ydgemkgqQW4tVqeDB8LCNrVFQ2SJIfE1sEPlVsBX/lkox0+IJ24qJdL2SbudoMwEUqkpKUaqS9CJvsZtdKZ4JFUpq0k290WcGekohy6GgmxYAHwauTpFNDAFTmzws4cV9oouRKgot5NtkOhyXtmLEdAj98Jy5iYaJgjRAps7OZEWbbuU441xK0hKYBDC2zfteH1EY6AtR4xlG804ajXKlF+2CUG+wsoRQJxMC9LhqCAULsYIfbomCeATtNr3KbFMdX0ZY4b0GffY3aoM4hsN9Jz9AYjjDRFE36KJfBoA+gNza3BZPHQcipYBbDoRytVYh6bJ6kvW9HlvWkI2uBpv+H4knTjAmFnOdYdHbrBJjK4Vby2ECME38IiXrnaNZH34XYsu+yjwlHxZdaSis+NzKeg+swXtiHEt3eHoW7jA0xscU88K+/ouGx2p+NUggwpT4HoAVbpWLHjKpszDZCQiOpDfgtF5qrLBJab7YV+dULdmIe08JNfkWmT/M7bVLmk3j3B94TA9byKdIsTM2i5DJ1346YMi45oJqSN0Nn7g4Xsiv9NgacjRAzxZaFbouTydIEobPd0ZpYtqjZhU7tpx2dE5P4VQvfQ4ZoGSWSCQ/2uG3irLw468MM2BC9My/KQQYwbCvNfRbMkOFhFieBQoDL+bYPpFlhaZmQqOxpMIBNSOPDAkr/Dw1gQaehJGY052NBFfoi5IwZgXzJdd/OTWtWhkm/tCT5Jkwcjh0r9Kx1oy1yskvrh2FFcOKx0RSpedwPbdNTJWdwo4WyzQ6n/sb2hq2G095n/HaIFAXtSx8dEgDFs6LQgrculaQ6Iv5e1ZqZjeDIPG8D3eMrfJNZ4k9rQENat53f9ufcGiS1TDryBpyVzkI7or8Cd3NDBVyWzShLTskbLM5p8RkG9l8UuyfzoZKayx/SWynGZBxurCuH1ptcsZ1aP40ZWtECIJYwwD85fKrMf3LiGEFiRmj6Y/jpYH8T0/5r5RwJbOxbXUUW/ob9q9jaXNLVzn09fyHozX7U9RrRR2vZeHmQUy6r3zn+LiKFZ7CEBIa1TmqOaoqEYAuE1iq0xWVLoyemWDXLYAjdDF3tlqbaAA7v4+RXzu6LHpwz4l9M/g0xeYgZfJ9o4nE3YfinyR/tOxnHZAaDcHKLA9fHREquI66TSllQY1BVR1YVZ5xZFLMq0iP46lMOIw6sTpA6be1k2vKn6hxLlFvKeOdfm1CynaOOVPW5yD8UWEgw95v2lgypYKzKMJS68mPsPEorebTUZklX0Qrro7UG2f5LquPMyNS+RhmhIX1F77gPZQnkPFsAClnREjKK/AQvL0xfQJBCxbknvxgOf5uYY9kB+J+9vNYCFWqoCWeGsYBF/Y/Bd34PNY4BbbMqsMMOpbAJ88L0cG6/Z5d8c84DVZUbVHEwIYSIhpimomeXpU0xLgwDq6oAan2Pa/ajOK9iH+jr6z48/lzZRWfWwyxOqkJTX/kP7d/BPecXl1UoxQN+w1/Hs2PNwLKHjHhw12SpeBHLhW9uYjKllbdPFUIpkq90plyciUduVQiVgxlEbhMuJa627QgQOXqQkY7mne3ifj0Mm0mumJKB4ige3wkexbirtGq0iKNaXtebJpfsyXASFZOP5xgh0SwjlttpAowmA/6syfyXZxv0EVvOz41UdBPoIPO3bdj2Sk6T1HS783QWuWJ9hzO9Q4K1hPbCpKAIDaM9byC0OPHD9IceJq0eHG6WU8T5aeL0NrAuN82sSANQzg7bnsCvAQUOVNjzKQRDw5gm6CNsfuf+RPTPajJA55FPueBJK2u/VFueVW8Az/psChMi6QOYlrY+DGZOGg4QpTGUo8gAOe/RMVGRFs02WOg0uULJWMTnzs52ubzgGoloVkhS4gBzo3E1wKk1q8yTaUVvmN24AcnPDM5cp+tF0E4ACxEcuA/pDSI1m2jZ0pKVaPoFbq0uHUly0leWl2aY5CoHL9IYrFipzlxG3Q0uJIocICWQRSWh1drzBeof7mubXNwZQnZ97Jgg2x3/utimfDlmo5m+25XpYfMu7XtuZ64EOLXVtrZ3hHAUjE7r7u6O1qwymuaYdu50zEcgsRGuWV/eLoPTF+XFzYnOA8u1Cwp9xpaGLJcHbjPUx7J2NxCBYwCi08N2Ld73kuHaFF5DpQOzjtguRfiKPCWUq5Rg5RBZgzampoFnOviVi+Sd9uxxtwa3c0mcaIsYE8JCIuCRIWn5gqCfsMEmiQlCmOBuOqusk8J1G85u0thWhpmmruelgMIfw58S06l9VabvZ14QAxNH9w7qPI7b5LZV+0dcBVWuzUOFYVKND5PgTDbib44FszFp01uCB58GCFk+pZbz95tIkENmYIb0T4PJnBBn8CduzSm+TMC0D4I2JTI6UOmt23U+AFW++tjSDpSCMSgkfu6k4DvzRUkZCWwoR4OJMuTXUVKGs6eNpbgzBa7nzhe1bzolnczvHaPJBNIeMbDsZNqgzcZd7Q2eUHhMunkvU5tAdHqZcZrHHLH969igiMzThy+WJ0Xa1k6/wZLf27jYJLDP4QzMKhQoSKQdLJ0okHyfIyfqvYIFtqM13nGOkX4OjUDlnOsWUtN6WJvJNU1G4Rmt8ZCv5HFKLZHMQOlOBtCOfnGP/BMxQZPHRdrw3lvMfDeaOcY+MMAxOkDEh6nRbO7CLLE4VXHYOFM2GsyWMc7OTM5+H3nlsdszW8oU06rmE/QWF/7Dy2nM/pwev2cQ1SoTNSRhkyTnhtsEyXfvllAdWz+YRUT5lkKZc58iy9LM9VicuXnaIaISvmESa5mYjMMNBK9TIhxyS6c2WSZXLXl9bu7k1qSQZx4Qs1dZPUGlo1EjDTpNLUV9CLaIkiUNtGNb7LKgkKtsYmbZMrUCOUGYf7nFoRop7QSQMOWSvqJ/0NunxsQeSLGIJx3cBFmanw0NTTfvL+qxC90QGsLmYzq6bfPI6dQRx3cFlRnamzFUGZSqRgxp/7PBmYa6YidhR4Za52L9WKW3MOYBSY7DJZaZeq5rMTS/TJOHiWDc6pvNU4VogHN61sBZI6cTo7AsgBTR/vNyVHIniOb0d+1kjN9tRgnLSc/oRYLRzp5VfHjoES1Qohc6J8aMkF87GuFM0HiOJlKov+APa4GQVg0TeNdgp2JkHn2o/QjfKTVAPkRMHEXLc6ZYAxzaKe3qtK152X1xaNO/e5KKr4y/52nsjvR4TJVnxQMuoDm0FoNMz3YqTGrnXuVSg+ChLdr6+JnrqCdYPEOgebfoZhuU1IAyH1qMYcXo9umV73V0DNTEY15OMybFWpqJaaZYuDSCyNdVQTPuAqCtCO2aYd4PmARQoj2cDGWGrplg0cn1dz/Id84NLESFmhr1SeeyXWKzgbg/uJmnRHpF0Qa4SBNZofY4qcM0ZsVb2WgOghZGe7etxVcL4SIAFsDEqqSU5iYDRbDpoZwgDJh2hrPAj4EI7RBEs5nRrAeuYI4GmMhY5R+gsTRt0TucR9efa4IdseHObrr+NQAYkJw9vcNMsqW/p+qzPw4Xeqpf0gf1ymHGP+X/SMo7E1TRIvzu7wybxuIRAZ+hUDwVTLKC3d22uD26QqGxa15MvLkPWMsKf4zxgvPrWCsQNn2TeRlSLqSuHCZKcU4sUiKHdkunne2SKReMkdpX4VDRJiBPCa6bIjBiNHlSjDSP54VLDkOEKetClhjmBC4tieEd55Ba4PbI1HHh4h8GD5LuaU1Upok66Q8Rw8zxcXPdCN9npuN+o2s3t2UXTnFCTlsj0jlLiUdHhkvlRjxdUEQzSIZSH6lO4/EK2ga/Bn9rwbIIlkMXjaEaj713/AsZI1Hrso1JO1K5xnZBVUYTUuUtTb2gQ+eHVZXfLExJ50I73skmV7ds8shEaojO62Ty3BuJ5dEcUnRM6t4vft7CaqMuTotRghvtZjlpTsBKEJAJ6AgPYKdm9iqf96SZ75vjnp0JDsfobUiasZacJ0ibV0sa0ZbdrS62TrlGzH9o5gpbWpuEMTEunFn+1p7sE1sEs89mnhmu4gbPeiFPtJvUD8c7tyQhiZx+EkdmtcR3xogSIxIaGepNE1Q/uk7+n2PBDM4qVILBdFs4vd7FOwIGioYtRo6kqYIJuF2MNh1mP1iWB9i6LLCb20JmdK2j3bSi05RMBP8YBy+3haJzy2OVUYCyCu0AQzJdbhveqNc2+P05TafG3jcTmJ8a+56SkfuDuh85KR4VtqSVIyQJy8gTYUgsHEjvC5QTMSn1m3JqO4JY8jc0R+G5Cj7LnR/kOxC4IeHdXv7WnCdATGhhDZb0CZyaT7H5qP1UmfvPdQWR5qztVFQvNYbXWtRyOS6oMs9esETG8wDR7QCmDzUx6RDzKZpo4wqPSEngSjQxQNBPgiHmY9KnUAoFzVi0WVmx3PJSqTGGqcw4I0z94amUwkZghuWJaaLdHmE/TdxIUIRwsWDKNApUxe1XEM6lYZeRnXaef35mG6ilmEqiIgLM1emN/jHac4DTdURPNonv4TDzXvskTj/nOJydX1CrO74t8GNgKPkr+EkvEGdhl7iWoI6zIypQGDXJhSIBL3XYLRZaVHauJKu/JfgN9Sr9PcvqvSLEUHy+FmxK8HpzeF7Ep0Ou1bh3hAB5P+1Oa/WQ+lGmFY7r4OBmvN8SWyhTc1NKKuYMQKYPI4BEfDvtYMed3Hbn5Nicy6hIhnbt3AZhw6/JNQWspzILfttGfj/DnilHuUaX648t9VhZhNjYL4KdZhe1UzBv1ZhBx2T0XMQf4tSaqs60NlRPkzOlawVjjnQIpvbO342JGUIl6iaDTFd5+EcTUq6CVeMCSpHmoF1uq5O7k7TBX6U7hAwF8C4OE1Q/JR0SE1EpLskHA+41C84byQNauojFBlWQSvpx5dYrK6W0vV+1GDyYIS3zlMY0QdpMkHxDZjLOzAxmgq+/+Ju2Ek/p0bozO8/+yemU2ZPmjKWyBirMtyxDITp2sEUUE8pwchu5m4LX/9a05VRvwSTJQDaNHFXhLYtLDOMkdpoCNC8YUaKmEuO5v6ZBhBtDUnFT3XQqNZmHewUUZo9GVE7rbiSNY6eIWJvc8LBDmqk1ZZpRMyk/KmhuBAdVo//i8wij8ieFRuM+YcnfY0jqoCUzpOuc49McvmjfQbggrlpDTsfdGxFHKncd78YvyIq4GCjz+RNPaeKkmcNVeRkSdnV5Z32iCuODfSTDKf8EHHB1Rfs0xiYeUuOYUKXGNT1Pjs4oA5017b4b0ZUFymRnU5vEMT8JAHWAmKwyLUKXlGj4l3k1GkH/ZyEVu8dlJCW1QTsiUVeJBYBbJDAQK+SdfyNAEfgCTNjHqXOppmn/t5jHgxpH/RBKei7SC6hIInTpvJww40LLaO9TmR+W0J72pxbxJgFiDjrO4Sfcce0wJH1uRKtYvcql2UOzJEK40T4xEkrSMaCiV2Na1n7QKUa2rLuI33V6e2P+LCA9CE9mdjq0RJ8Ho5o4rssmpZeFLseplMF2dVO1HAsmvmlnDNn5wW4q04yXjEPzjtKd+/1n8qXLqDpD9xMvl5fX5R4mvlzIK8CPOhJHyO/C1hg3mElrAUIEQ0fpWWtbDr2iUXFfGiMZ3eBl5Q2FubAw4NbN+q+uy4ym115LEvtFaTeCH5JnB2Qna5kczpyQQbu4PFCdr4PvzEUDyRUx8Ymb7mqRfAAnNYS39CBAYLNSsqKsLrMyCa601UPLWWg22iUPw2gvDc1QMu/zTg105D1zno4yz0rzajIzFge1i9ncgn0+SUdGYdkmLYBHyrMmHwEo2v522uP4JS3qowkUQAzx+nUtnIBKzUMaesZfTBhOpxapi7YJHDPOQnn8HrQ280RsRgKhuVeHF3IuI+ZBkjkaSBpT7O8WFuznYhw7tqEBapkiu5aEUghocU3rleYSy+NCF6672Ga0p93OhSdcXof7wphmblZAVSE9pRQEkHydTkXM6kUi6VT56GHXsoBgkBSc1hK+TCclZ32rFkwJpQtmEqSzV4lQQ6fRuHREk7G9N1FsVS6pFDsN1OJc5jIWiHBcvb1g5FFExIhpwTaZvDsd81ByP8/M4GRqQko78wCkMTTeCMB1mNOTaxaKNhO1dgEM4LQFRMbEpGmjx56cirzA1wFtOiNMOl58WS6711oUr20MY+sW1Y/DM87OrjUvwxyuTaQ8y7+QCeZ+anzwPRfTayFPmHQchMa34LhAw8RATWdYTRVHEWVQIISw5aikus0qCQxO/IWJlFI6gymmE/1th8OdeuL6zGjGkd5RthhFFkRof+0HSho6tyjS8aQlKUQOD/fENNWsknZbNLNIU/q02l4R9EprOHkgca4Qy+p8WCY4dC0nbNhB7wwRTEETCA3pYCOmKQ5u6DI2judG3G2NUQw0FhsGqt+T2GKxYTZHbxz/diagXyGhNXAhE/CxRojkgMVv+dEqIIWw2pe7kVVGw1PaUQH55JNlzGHgbh2o0VpgQKCb30JDyIyhuQA7W3MzcbhaDjwlLAePkhxx68kSpbojCXxl2gCbyTW8jDP1lrHTNRety+4OjaU5Rkj12bCMUQZpp4GTQPcAOrtUS4P8XUeb3mFuADkv1IyctxEYOVwwRRSRisUujFgJlJjX6XgnPIyaFtoMof1wgoD6kDn7bBf7vYlfsHEIrvM85UwZF+wtLNyDSnfWzXamyYuED0SmIAyIIdyl6AvuZ27S3cZ2hI4jDcYqArSGlmOpdOKBKe1Ri343KQ1mOt+es8nOGzs42JUmkPaszOTNhflMh1vM41QetpETvJwAqxpFdDb+xMwbo+flrn+B2eA+SMDjOTG1jMXt/sy0FIAJwOjNkYP96b9TPHvr4lfl/JOflavT5/jNnd+fHJf5l38tRtm6uyybKJefMcwiHKULp+/zO8tcUZwYv6GuUBQYfBw0AcLxO9uyyuWHBCdCeryPf7CYBfJ1GLhapYmOQtGqrbvjz8vqBP25OgYaYVaA0ApbEtyqB0SbjcrR5NOyNOmjfEKEMfB52Zs8L51nP4WaYOYq28rdm62i1mdXZWfwadl9+aMyOv1SwOA5XtkfSVa0vYcsWpkRt6dlNrpRX+hMEoorkLK9Jdzz9C9K/+bK7SEDyW9wG+kD8B2QkPRjW0gDTn7pmCH6DmRfvoOxu/hN5xhzn38wvcCFPh3cflQuv/wIa2hvy8PLH5SrZ7/Ghu4OoZLJu6IxwFTOysHJvy7XGEsKOLazK5qg/Ai5atksnuNW6uoPwY0yOqQlru2Xi7Ly7C81d0JQs1+9pVHZPfn/yugGv1HCs/+x5c0Kyt+5+bhcffJX5fbiBfqLlAcuUIJ059r4FS5jpWajxsH17eGnMAuwAg7945lsg2sAmqFm+j1MVw/faxm/EXOTz/6qHH/xW5BoipOGfJDHbNTX+WTjEc40ANZHMJPGeO+U3/3r0tv7FkCPFUQnX5Sl/W+ULaQ/9K9Py9LuOyAWKrhEA/Z/D0Q6LpMjTNOP8fDzD8r2o2+WreEHGCNs40HJ8vzjsruCQcfazsHJb8vuwbfL3QiLsvf/qKxsvF02AaD585+UDurbGJ+ULwa98nAHpL78rMwP/8My2Xhc9m9+WcYnvyyD3e+WneWbMrn4vMx33i3rVPu91gAAIABJREFUZFQAd47DzqAIkaGJZXF9MOD2a2V5Hbbeyd+V6RbaPvgFCLSGXPF7Za3/S0gppHKsvVEOpsc4gvS0nK59q6zuPSkHpz8ot+O3y26PmmKrvNj+QzFT5+UPIT2Rhrv3dlm7+kUZdx+Ui4M/LFtjMPhn/yvWGG+VtckvS2/6fUhOEPz603Kx80elv/5aeW38qzI5/2252PhO2ZtflIPZJfqGE0m2nujUm/Hpr8rK5r1y8fSTst6/RT2DMtz/Pvr6TjkcfVYGn/5vZb76qLyxBIkMBhr1HpftVTDH7dOytvefl7Pxennc/7CcdR6W7esvkT06VuSu7H+n7A9+XUb9mzLG542rD8v08uNyOfx+eXR0UeZXvy73VrbKztn/XUbozzYOnXuK/YEGR39ctpfPyghnEry++1npvfiwzLbfLtuzs3I8xJFN2E5lHcmQNxNoBmi+GWi/PvisjEHnbQi8392sl0ebYLzbT8vxCYIo+39SHo1+W0aXX5bh1nvYcPRzjPk5GOpPyuroRVkaXZTJ3vuld4u2Xn5SRhfYDxVKeu32Q+dHHn677J59CGBel5P1f1A6B29CgA3LxvEP0M/7mLmHENj5FsyMz8rk7Kj0dh+Wm+Nfl+7GQVnduVdujz8s5f4/KPPrS+Dvg3KFtm/dnWH296qMn/2q3O18U/ScYByWgefV0UlZ+dM//sN/tlMuy+TkL8tXnT8o+1MM4Kd/UY5Xv1NWzn9eRre4qf+bcn1yKqd0dvR7ZWd6gso+Rsd/Uc6uaZu+VgZf/J/lZAmdg7179vLjcj7BrNzaThmCGLO1e2jgAwDqt2Xw/Edldv4FTjx/WS7Wv1Ee9n9cnh5/Wl6eg5DbD8rWyb8vH0/eg/rE4vHTn5UXq++X7ct/X46fPivT9TfLV0+fwxmEun325+WL2bvloAtG/eJ/Ki+Q732JSNYEKvV6gqPiMOjX58/LZe8bpXfyg3Jxdlsmm2+X0+efleXD98r0Csw+fl6e9Q9gXszLycWoHOD83uPTQeltI3X56f9Qzk6fldvri3K5+g4WVmyU469+A022XZ4tvVW2Bz+DwPhhObnul7NLSKK9t8rq4Fnpn32C43q2Maifl8HLvyuf3b0LzfLLMnz+N+Vk849KeYH+477d8kV5eXaK/XqGZeUAjHj+k3KCs8P2735SXnz5Wfly5btlf/TT0rn4cTnHSSzHFxAw6/cA0h+Xiwn8ibOfIQsUWmcMzX13XZZe/r/l7OqyLN98jnRq+Frbr5ezARaEPHyr9E9/B4Y9Lr/tPymHnZdl8vyH5dfzPyibB48grcfQ5L8pG3cn5bP5t8GIfwsG/WV5tv0Py4P5J2V69qNyB0Hw8goal7uIX3+M70/L9SXosv5W2en/ohwvfRP7o16W+f43Sw9A70NoYSclpM7clvPu62V++jf4fAH6/BbA/XU5vsFKLdBrcvphmdy8wFoGaIDth2Xy6f9cjgcAc2+rfPHypmzff0NaagC8cH7qORhm58EbZfrir5EH8mG5xkKXp/1tCILrcvz8c/hjN9h1ew0m5giM8fNyu3wfdX5RXvzdvyhn+38GjQGNAAH39MVX5Qbtvz3+RVl+vAcljgG77n6nvNG7KOeXl+Vmtoud3HZkz5ZrdAYRhmts2DTEBAI97CEiNLPOVrlZfqvsHx5BurzEBCJ2Rd44LKtbh/ATNss97EnDWdwtpOwOzr5CHkYfkuyFHKKbwW0ZTKAs13bLVfdbZXntcZms35d0n259s7y79kxm1xK4/fHKcXl5DXuze1BWto7K3doeRMYu1rbelNe6x+Xm4nn5cvw+dlZ7XIbrTyANHpbNlSnaikXRkNFL3a1yBWbsbe2XB92XMjmWu2vYQPYIjPlWebgNugxelBvYvzP4L0frMJsg7X93/QSa5V0wzVsoG3tpInVgF04ntzDsbOyXwXynnNx9q3RQ59L+m9itDb4RzLwdnEgIykJToP6l3bIGekxWdsuw8xj0PYckHZT+dLucrXwHmvebkEpP0KDVctt9Uu5tdcoJwDFYfljWtg/K7XSrnAGUvZ23y+rBkzJBmWXzUbl/9xuZrL2NnbK1cluuBlie2vsekoTeKMO9PwDtsXHWDAIjNguYQcNdr323vL2NdIz+FcYXwEDKhbcoR9rL0lEZb3y3vLV+BobGQSXLR6W7uQdQvlO+uDjA5/fKVXlQNpe5OcAyxg8+BRb8r0GoLW28Xh6uvpBvQtOIIdkd7Ft01z8B/ddBnz2YH+j38KV8kpPhbjnEli1r0+dldLcOHQpbfnUPuDmA0NwrD/bWy37nvOzeneLwCmgVBiVQxhpMS4h8aE2YilPUD7PvHDO5qxjXFfzO7eH3kAoxOvtM/s4M0n53+mW5Of2kjLf/k/LONgTF7LrcrH+nrG2+DqHzbrnrHpWl//af/zfzPgANcV2WoK4GIPJGDxIUIJmOsYc6bLAp7KcZTh1cwQD3tvfLJneCgAqnPb0PQpevflA+6n+r3Pv2P4Sq557ssK1gow25nfjtBYC2C0a5DylwU27PnsPk4AmQCLFu7kKaL5X+yy9wz065/9obsHnH5fr48zKBibO3s1uuX34J0G/DB8CWjUx24q5eMLcOXv55+eQFCPTw98v2/j2oPUge7Hywu38ECXQCSeAp+43tPTB+vxzOj8sauP+D63fKa3/4X0D63yJxaiDCXt3clK1DABF29dXxZ2L8zvZ9+D0Ip6GfvcPXdbrL+BLAhp3bJdFpiOHa7OplucMA7Bw+dP/gH7C/PNB6PAT9kNg2BmBWh8fl6PZn5fOnJ+Xq0T+GeXgERjkt/Xm37D9Ev1H33tlPELko5Wzn97FEchXa90q7RK9OIdkByCkWzMzR7v4ZNA22eN9A5GhwfVbmm/fLBvoxuHxRVmAWrMFcuYCGXdo4KodHR7CzT7DYfqssD8/LLTac3cAW7FMw+8YmyoOJeHN1AZDh2vVLjD+iVujXMu5fw9hc4ORKnlqJvMiyhXUh/XOYwXB2eSTrxs6+fIVbtGcIib9/7zHACbPuEgJxjc9jQwXcN4Ym2IRZPIL9fbeKtctwQm5uLtGmbZ8ahLHd3MJiIPTlYPpVmTz9YfkMW5asvvtPyr3XISRgElETFxxVu7O7V4YQekNubQ6z/d6Dh0gLR7vgm4JgoNEqNv8FrRgZgw92jQS4XWJvcFUG2iECJh0xhbK4KGnpf/xX/89c60fBayRKhvjSU87QHt8ZPeBsL5f48aUs8Je/LC9eHpele++Xe/cf1Ri1Fp0AACyHUlNLNFSow2F+OQrD8CQPTO5h6eEU0ZHMJcmZgZrWzCgH06NByPngEslgV+XgPiQjc1mwjw+domU6R5BqOrEI73SsGElcglq+eAni7sHevvdIznuG9tiuEUJwM/o2CnpEvhCLYDgvkswycsVrzEFn4iCdPko298bRBcXXY+0rHeAbJMGt9F+U8fGvYCYelHuP34SnB5ApC4a0oSReKe8t/a4cbkzLB0uwfxV1dVRoh4dXoG9XfTixjA8xRAqtzOWm7Zlo9SdDk0FhZ7F6v1dHqHFPTRiM8K/6yCNDKd+9ZmHEzbzQuplyoCLFGY/TmaVmYV1rnJnmKT9xtIkicQxeRFRNQ65h8Eo6xu6ZWaAAR+QONdEZkATO8QQ0uoCTu/sGfMC9AzErk2Ezj0dVcK5GkSHPK7FMCrPMJ3LkKCYpI52D9XEZKcOoubMcSbTyX/2TP/tn65Aw3dOPyu3qIcKK3CqilbOhUBPDkY5uaA2xIjTM00IYiZ46nUpINAPW8eIZQLpz/tNydXEOVYg5BWz4pBAZ70lCxeetuwtEFRDNQDRqDEnCCR9FANgORkgISYWJEGGArVkQqbnZequ8Xb5C+acwDWCWQBqQ2g8mMLfOn5XZ+mHZml8jaoG1CSvYLgRSee3wDUk9vrqTq7J6/mv4OR/DSXwKE+SwPLr9oJz2EfHoYSkeicPwpzCjUJMiT1wWqUkpCIIehn7t6Y/KVecoljp6wJXvAxNuc/KiDOdI9iKgEOqbwdw5xNLIw8ufIPayX96cwxYFE8/X91Xf4d0LSM1ZuVh9IjCa+8AA68j1R0OYnr43+hIa83fwh+6jSQiXQvVbYDAiEpETleYIjTNEvZOG1/hGblPQlnXwGgPlDxBtWYbfQq097+2Xhzd/W05myHbl2DHSxkgQGJlWQhfRKkaNDi7+BjEg0BZSeHMG/wLxK2cQWxzUdCLSBe0ZcK0IU805VwHBRW2rrfS5voRCaP2grEMb379/D9qB28rknEATQDdv+3vORVycX8ryoFDQJm0w1blwXlm4YA4yCCfHyASc52G/FZp/cP2jcn52XiZwdvfHF2V69L2yBSIzq+F89/fLBoC5ff63ciAwPVrubrGj1gYad/4L2OtvS+Kuja/KMk7/vls7KDf73y0b03N47j8qY3j00/Gjcm8Vg/T8w3LTe70czr4EGHDK4ebj0rv8sPRXjsrB0ksBoQubuDdDhh4l9fZbKAfe++CiDLffhU0LJ6sPR7z7sFy/gHO2+x+IYWYnJ2XrEYI2F78BMSCLEGNfe/6bsr9yLfv4Fvnfo9f/cbk3hZnFzaG43wwIpyNFEZU4/+qDMoKtOlz/Nmz/E4QEP4Cp9x+VVWijzuBpOe29Xwa9++Xx5JMyR7TqfPP9cti9Ld3rkzJBNOT25SdlE+DYRVTlduf9sokAwRSmzRy2+t7Zvy3D1T8qB7Bnb2FXz1e3EGH7JZzSD8sV7PrO9m3ZPv5zMMyflglot3r7Y/gO75eDyUfl7vKLcrMHRxjO6WYfQYree+XeNRz4i4/Ky2OYG4fvl0fDj8rw9IsyRZRsY/RMQuM52jvvbiAa8xGcbTAXxmqIoMAmJHofdvvBHObDHAftwawcoo7+xlvlcPwJTM5DMCr6cPwR7H2YUYhMrQ4/K/dGT8E83yvb05fl2QSn2MMG35qfw8l/jpjoZpme/qLsrb0s6/cQPbr6MYD1ro7LguOAMYZ5co2Iz/obWmC1dPVpGay8UXYR3ZvdPC8Xm78H8/FQ42FVYcHKuY0BTBceCKj9nUKTCPHtz7yXjEm/A/b/2RkwIoFlFjGT1C9istNTtP0xfBdqQj57Nj8sz65OyzoctrsJNlP95L8vN2OExgqcvJvd8u7rD8rzL35dNvafYMOll+Xh3grsvU/K2vB3pfviN3I0ZwDKSzjRjzeflpPxfvlm98vy4bNBebAJSXb6d+Xm0y/L8+lr5b1vrJWrz/4NnML74MSt8uvR63DuEPfuriLKMCv3hj+FlEMZO/9ZeXL7FzCtvizXB/9xWX8JIPG4mxmk+wS2tiawNBMEjfBVWUF05vO7J2VnH8TEvc/KH5fXro/LFSIS59P7Ze9NqH84ZeX0L2E+wQldegDpcoQYNUJzXBoIe0l78YBBPp88Kt+++FHpDn6FsCOCA0s3Zf7OPyqTPuzn088Rj4ZTtvRxeXEJe3MN4MScxwbi6CdjqOpVaBOM4LPtP4U0hMS5xSRU/0eIToH5wOibyGP5aPh2ebiMQIF2dC7l8/Eb5W2EEacIzV3d/bIsY8e3m41vgbkxj4HIR2f6QTkewTQoCDdjzUMB2MEFiNpcl8HTn6Kvb5Unz/8PREigBQ+/AZ/p5+XhW++X/jHCgGvvCZQriIzcoD2rvT3Y3h9i/BCsWDssn17vlNfeg4mGsPMWQqrXc0gS2sXQfTQxBtNueQ6H+e3Tf4eI1WW5ePBflr2bH2MTrmfld90/Lg/ufgZmx8n1975bNj//q3J6x8O6EdXpd8vjQwDt+f9VXgLId9Boqwgr391AsG7DyS8QTKeflv74EL7HvcAorQzjlW88pI+77eVs8deQnxCneQ0m2cKpOEyEUzqOsBFJm8SKtJyvUSvwFM7Dw32btiurG2V/Ew5jB6G7XcSo+7CxV94s4947iq/rILfOjuLX0+4enGM06uyvZSsOEVcfIKIzAXC6iLvzt0uEppCFUV7bhykD8EzhVE2QcLWCCNFk4wkiP9+ARH1bEve13eVytAqHGRGnA5xHi2XeAPqb5Y2tCY7mRDmIFPV2wa3Ts9LpfwppMMYE0mmdgaTtPINTcz3dLQdIgT1cxyQHHJ1lShVIOK7hP8LiEXiU8OCe4IxbSH9Eds4GUOs7j/Gspvnko5jAS+WtXewmBqf1dPRIAzfceOSF9lDHXIiyDG13PYfDjHmN6dZjtHkDEvNtSMPXEGH4Fsp/Ut5ENI2pC5tbe5Dcb4J+b5RLSL5h983y5h4nlG4tpgC2JzuIdkG7MdS8soQ8l+EZ7G5s2wd60IljpK1svFkGG++VDUTB7qGPtPtHc5iiCC8/Aa3OwDSTpW3ReIpnhnOEAnv3ysP12/LFzTak40E5vYUJdvgH6NO7pd97C9oI5i7i53sdbA41ZwYlgIwIEdMXZFKhfez361tDBAkuUd9mWd/axXgiIrbyqLx1wOQ8CA1o8819hDAhQHoInvAAxGU43yuI2Ly85ed3y2jzDUTndnDmMPym4VeI568Jc11EhtZgfuf6hZTbZAFKa5oyWjbZkuLNPY2UlycFW2sP5qVM8NAM8jFbusAz/3OEnrFbNkwl+Qz/6l/+m/nV80/l2W9Dgl5enJUtetVX2Jrj6B04Olh9dPxV2URs/BrmxAZmiUcAfXeGaMQUtjAkuXYchtfPWcnJcq8cHR2UIcyUS0RXuuu7mqKeI4q0e/igzC6+KtdXkA5Hb5U7fD5HLtLhw9fL+OIYOUDYooPLAWGT38zXFUlZQTRiBBOAITGaLwy/8iTFHojemUJaIvbNrdfvl+Oyevpvy4e33ysbr8OJ1OwuIjWccof22sSM4HPE13cQWbqEpDjcRQj28szmEDRAb/8BZpCvMTmD2D+s+11ElpYwQXSDEOb2ESbbhpdlePJpuVrZK4eIMhT8NkP0RVlQzCu/QiSkB0AxcvUcs5Cw93cRDrwAOFcBrivUuXH0Rpmff455CvgymOTZRYi4/wJmAZh2ffeoPLyFYIGhfL73J4hqHZf+2lE5Ysru7Zews/cQAlzGfMzn5Qba+uEb34AZgXmELz8uY5hPdDLXQLtLxLf3H71ZlmAu9k84afV62d/o4kQYyP1Hr5e7c/gQsPG7WzCNYObuoy/D498grAh+RFSGwGcOwObeESb1nuHgbkSGEEbl8sXVHYShEXzogUL3Bj8vLzB/c7L3Z+W1tyHUwCTr8IvGiMXPAX7S+wYA3qK8hyTaQ5RsCA06RshzF2kMp7AqRr1DMMI6TOcdaCQccJEmjmwYb41yX1mdfmUOUePsNvk/xBgT7168xBwVt0MMO6i+R9nJTFxm+fjxw7L0v/zvP6RuUIV5c3INswTJhTaq4vf4MTJDwt5qEqWYrurclKgqTLBmUYQ5lNP3dIj8LQJD0oKxGs0hi8hF8V0quzpYzk7hbUwdWHrxAWzjr8rs4fex6el9rf/MXYuzMc5Q8cvtiTwlRjTq/p4mdC6okCMeadDWojzUmxsFUP8099JZ9lllMVimmA91jgUpSppTRCX3+WQB3oWC2uDN2W+QcnFafj7/vpxar/GdlycPd8vJKUwemEReraXCtdOzbQavf9BF/hdRNiWv6cZWdCgSF02DXD7qpLMcYw03UzuMupr5aWLDBISJPEUmwFP4BIdvfhcH7nE9OfsWIKVyi7wcts/5Ov7N5yNjo2BM7qUjK/3Le6SEDZi04/eg2em4UiP8fcD3c6GxEDxhCv+LF6fVOV5QHi2XgM/ch6B2sLwF0myMTzzhYpgc0kRpMIN+adKN+c0HSXBAkj04GjFgAQzDgvv8OG8jQ56ieQyga2AxkYjFnCJIF+8+7aiQSs16AJ7Jve+VXTjwJJLP8XV79S5ght+gy8F0wdTab5QL3JXRaaZSolR+jgFilVp9xvu4+0IsRjeYnFmZC99zIBk4JE65bFKLz4M+ub8pM+F8GLQjJjNk1w7hyDPXJe3fuxlMI0TVRhTZrbYww9QL9clH3okvM1PzzAPT0kzA6At3k2u/ch1BpVWUv8Ys21hAlOtz1SdUNoF5NX/rPy2P8V15T+KX1j6xAnJsZEUGyMzPAPgWGGYXM+u51qG9T08b0MoB09ad0JQQaNnGTI5ryg3mwQNcGP/kycPWDiYNMyXQU9Ow3npCTEBKtFGqb57EERIn5EsjsduyLjqmxeYhVZXdGJzVsJChq5NOuABE0sXDIVCGFHO+vkGY6c91AyqVkINqTiGz4qADlZG7TDcANPhVR7JbDGTWy5RjO9WWuLnSir9bsnlxTvMK7REMY1D615RSlr5+3mfdJjitSdWvWE/Lsh3tYP0+94shQxKBNbFMbUGJ1AdtCCZasd9kiNYZCbrfSyObbRDbC3la4kzCpUo+azyTwHTUnEqzSEXjn2siSCOOOa5pHQmKIiN4t2xfpyGl8Y37TCPXx/Ip2b3PEr4j0ZEbbUnoVGYBLUgP7v2CF4Uxd3pul+PiWnWQTmCY1xDlsWCIxfGhIXzvoqaJpV5qlomAT7kXT+4QkJW6+eFdB8B1Dc957UAAU+PT/Itu187zLK3AepXMjdrWbWpoXvMicufjm4jRETenElZtCyZIQqtHwb1tCGc++oIUobRSzD/pETnv4k3TxzuvBXSCkXLTX3fKQMllkpJa7lCzbtc90NlYuQVk5tJrr3/20yOiith3bXdIrSPQZFuCEVRH7OkU4yHxE/TKfuu5bFv0SeSJdid78HtufBzEqMJJ96QIrT96DLTRcl7zMMVLgxQX8nBDH8309VdzrZqiaDNtdtOq+d0YCiaKMeNySEZ5/Oyr4xYbmDGwQxOP6wQSiIEkEYMAtYnRSLaGSE2TWb9sWgwQp7QXXiHZ23Y3fydzebfjxc6n5HEZDfjZBk2Xi4CNVx/jnLen2NEikmbtqvugElVfsDAv6zqlsdcC5H0Gl5cX6rkU7ab118bfYI2ys0scb/oqMQDebc5aI3evSMasm2qpfNcdFVc65IKSpIHaHZJSmka+ggc0JXmjJczEuZ1IBV2rM21tmWNYd9mI/jfgS7PSxEjSsb7cna3iIOgVpA4ie8v3PCi8jRlXFQMW9OAlBTOgAdeRkpHM336uCu+gN4M1Q5iM8hdbDF4ZQsLeJaS4q+Xl7mJSXQmUVF0JoAokDz29dREo255Yq0wgKKnS3CqjTaS2+tV1MR4bYBPCpxm60Cp8OPAtcIb68TR3Xf6TGqNVptGlf2xP7pmpphLMYaO7M+mEu7UEWW5WFVdsAqTEjs9eWN7eIU2JIFUii/DB0EkHH+jBSuId9csJBqgHgzikW2XEkFWp3eqbRzj43O+5S4dORQk/oZpzvF2ryYLo6mMOopnRfpAZK02OKlRSG+s57ssamjq+N9KiDQwPJdMXkv5Jgxb2Fy4lcKkFkoGrxbDAMK6YaTjnmBmu8KhMEO3g97B4OjzJJG017V2j3QfCNYhBs9YzIFu0qmBgY7yXfaM1Gj5unmX5Wu+aG9hGw5K4yQhZhxZCx5YZzcC0xHVoBF1hx2mDVrs87gvxU8c1uFrwxmeaV+6bxZXqqVKPLWk0h5mgcaYNxgSuy/M+QmH28FftNxo70SXUUEY9zT20nXJj1Fbe66gNw7t8ceUd/au2Fubv1KQyPVmP+m0GyT4saO0AKxlCK7nqWFYp1wiU4KN8vtE8cW+UZRFhGlEQ8KA/Os7c2j2ZxWNr7CRd2C1jYaylopmbo/KaQisT8GEtA0Wkjrk/dIjTPKpCWuOJGkIY3WLHbq4u48qxPC/CGGgjE0zr0xbdDTaW51O1V+i3WlHvy3s5q8aOv7pVYna6dj7KZkcdFoxkM8fNYmBTLYk91UxOVjAxi4e16ZCGluoKutd2kyBmLm86ZfjbKa7OV3YmQM77tR08JnQ8jKH2FlRZJMOhTEeXYmv0CuZUogEOyA7ET5q1v7gsJpCTaCnqjbVyBzOXz4GjL6Ht19GcXFgv0OC37S3MidT9faip2r5KMN/C2AYRmTiWoWO2XZrayyrd6dAYIYwC2/qJ2KBUb0RpaCBFrWzcuhh/J1lpDei85GTsqKdiwiOm/7gRADdma78qE2Tb8naZd8s6FIOh+QZjcUMCIjQg13mfIsWHIVTjVS2yXm/Jxk6qVKo72lj0nit3qREBimpyuBjuWszf6rGpqmTRLLEd7FHhmziYWYkB5ASpibW4G50XMscepHg2otKuQ10xHZOY/J1Sknn5GtwAebNBrhnM0iiZzpvlakVdtL0tJdpaZ87cIU42xVpplpObZtnebuYLbA5ywy6sS+AhD1FvW6J6B4swOfg4Q7lIUmCK8yZyeThHnUPGHE2CfwPhw3SCWSi1iBeH5wAHlKwSPY482DzBjmdoQqxzO0IKhhhfmzoOo2b4sjHhEj2NN9cOcbIQM5ihwqxezNio7b7mUa6+kpWB/pcbn+UWL+m013h/+Dk2F/3HLc5Hu1gJF5ZLNfmC31Ox8XYKmgGS4Xa2t+No1RRyzTsYIFJhY6esJNaCYySgZfTHxK67xbV1UDBBDEMFf/TXe3LmGNVBs/psayaZM7HgPER581wlrItPi0WhUCZcpcQRbwQIYnByIPxT7Nxc29NyvOP3hikMRroHuU24ABIao5pQlIrBXMkU3mYxMjArEN226tKTwSnhuK0hwcgYaMyfsGzu8MAXDnX2Lg4tSc/EMZoSFgz+qYKgUs0fDFCeCKSdR0OLhEZjf2CqZXCiPclHh1VmRLRfMoT/hMkIAcT7FtIdaNZ4EwFG7vxuuROTYvE5y6PZzdlbvnLXCH9uRbL0LIQoNMa9o/3qS5ppjLBkrNpOXMlz7q6RlZDWQLaFz5Dkahi3LPn6K0kaKjZuIDgtoYPUdWCtHSyAmlHiZ05oaKuROoChGXI0W4zE9jia0wxm44OEqRTSv0o/fNAWIu2X+MqFmFGa449yO/av9TkK1OQPQRomVI2BtyGWgM9rVdsApvvfAAAgAElEQVRlZMa7FkB8B8NlKrKBYwaypFIRQTIzV/OipUhac2e4CY6kTamaB3rnJrvt/XySuhlQDbRWE8B7+qeOaSRiQ/HQmAr4NyFFk4egC9oYe5U5aP54g1ra47HmAnn+yTRcO27QhrWgiKPNodTWUWSLuYIWFECM2qHtXKCUTJmAtuY3xJJGGXSh33B6dtHShr5PYVAucFEOewLZrB0FBWg1Zo5l66TuV3KU0nR4FfwmqDmRr5SM1dQQPs1IWb32cgkTIWEgeZkTJ43sDAvLEY4qPUJj/X2iUOYJKtLub9GnaJhHMlDoeLmpqTYDCF7EkW31u3eD472O/Cz6P55Eq9er3S5CCCT1/N8q1l2GBYjNJNriPIeZKcV+hZwno0S/vS18RreCm1qago/kuQXZ70aikyYBmmTiWo+jO8ZDCDyZsGnuenyz+ToYJUCYY6f6gtlrEUFJOc80XcM0TjMobjf9GxAIF1dXNxUrqUeTZrYKrEml5RW5m2m/UJ0YyXGKcLGEODu3cFpHNKxpaKujKNx7ezp+bqoZuc39+d3EyhVJaScmi6ZECNEQXTSRfTj04is52lUmUGtAL/aXDLDmOJnyemX7ZOeyXXRM8a9qquiDVXsMtp5N+9VSuJoz/CUW67j/+UxUiA5ou0VFgEIe6/4AtwnQAl6SM80om12ptjmI60gwi95EmY46uX/BkEoVWbxWxynaHN2K/iedG9pZgqbg895LlvxVvKptVcmHqibtvA9qc6hFdjJaVAc1Yc1HCWpuk75gPrJ89sOIXsADpTl3+vOBhuqUFShvFX3zMX/O8w/2cTq8R7QRMsv2wtVjvZuOfx+CvDMyByK30YvSXFsLZY0cdbF5FGvIzkqENshzAJUmodSBbFPcHkRuCcpssvDlXa6bljc9CJRJSiUQPROYErYN+ApQd6gZMNqxvBIpF/whl/WZqAHzqCOT1qQBopRkruRGr3bygKh5NRcp0iJaw97HXAATydqzp4uwqC1omLGSzojQuARYbC40ZmxjNmSfg1bqJ1ouezzmevhThUyDnQQfty58dUv0JKQeZdWVst6tj9mmzQEkKcWTrsnc6oAAfXV5U+uoVoWJGRCPZ9Vf+5SMIBHvuUGyxlC3S2WYgIuqJAaHv0PS8Cil2pGoqN0xI3DRWaY96N3bmk4nk71qTrCs3LuzrVGq5AnCJzZTldEWFjDahK2MnMAIuOB6nTFtgzy4ttEpIbOiIWKStgkTdGMRlYGCGJlOkTzboIUgt3rWc8FgehfpWhNvEaXReOAzz2gTLWPWNwc9lbDoS23QdDekYoYq3bimTbgx7Hv/EuIppH9j7tjudjg0BV0LvS0oV6e2nmxjjbkoUBMHjWmTZ7ZtIIL36itxmf1KWUunmflBmYzXZoLGzE6BZ+HNF88PEJ2DFh3FVPGvdjgGwjRpiEJngsDx0agYskasmXlSPbYkDXfiwkKBiAt/rW+vXLBNzLkFx7s1XI3A1wWr6QakMejMqLSui3tM9Kq22xoNtzGeb0lkKegVQ+3mNEBkbSy6LXlTVVdtkH1mmZE8V1McVHYKmIRaAEOAb0wsk9ympXaOJhOE2UWpyvycdezMML7ySZ6pUZys5/EyxYKbo09BOvc1/jwrnIq/YcWGCqafSIQ/pxU0pu6i9gk0BZ3zkGvNdbAO9yiKbmuYbKeTARmGv8a6XdOuqUuCXY+lFuOh29gF+uoa6wUO9Wyz82Wr/0mHKIvWC/dp5Uoz1sPytHu2im6o1NAgQOiID48D6tVksYqXUKni66jbWPS216SyZomjMVFki84NGBjX5kRKnqUr8iiaYALns2JYNR+TZWBgA7rhyLTr8z3BQXARLJz80oRcHJZRAY3RTuKnI2XHP1LDA3SOumQUpXZbfdKEF1Om0Rwdaq3NbW2LBqVNKnGVJb/9Eh9kp5weOXARMQpnnNdukUPPOPs5VnCtyEY3fbTDs9Knw0xLwSVtYeDohfBqG7gCeLQhGSpb2WhpP07za0wzSF8jBOweG5hV4/p+zk9scqWhTsBxqWaEV/WBf6SE5g4edIYdEg3UJ79kw/Tu/txgtnd3B6YhzN/cLVp+XUsrtR+TU4zVifs4MpWzxKwzTzU2h1a7QyMdI+tBYsN8uLMJUDmaEo5XkvGiRvkK/E0SLSVgEDBCYDXSERNmCm9BCvA5Z+nh5UPF3ZwKIl/j8yvYBKs6A2KSZkKtOlVBszxBkdPpmtAKk+ZV5rdCUw1qgkOmPp40X81ZCO5bO8Sq9qLBPk7WTm17J+Xsh/vgSShsiIA9mLBJGU587E+wjUqoJJaTiWmXV8vl0YNdLSaayPl1+7RNDdvAutj2oFgOZwPbBoAsQ43UfKZRJnAmWMUdzTWGYLdXsHor8oNyVGT+xcNZj3a7BsM4uEKtbPqwyLZvYNMx63Qq9OEh9oriNvKiaSX33/8B9xD4W9jkSwmc7bbXvrQKIZTxDI9lOsRcAs8RaGamVIWBrIICdZQwOk08w5iVVEZkC5MuQVwWE1mRZul7slCrw0Y6hz2GOygt84R6g9dtav5vOmSdGUJs+NbM2iS0mWmkxvWDf7cT30rea7WttiuaK2aI8GtWbIA3ZlIb/NlC5v+kbyBhrx2pxVmVmwUG7o5MUGneQUaNZ5iDS9JE4nM8kf7R/R3lR2lFFR5f5cw92xMnz2ffmyEMcC+gycdKOXHQd+bsdQ5V2xdiP7g5lvKmIEHbprHB77sbQBvVFBLcE8kJhAn2NsMYFvksZ4SPAMydHez7GmkjKlvF5XMWKPUZ+SbUBlh/HufY+fdk4FffHTA5wqJ4nhYZJ56BBLqvZXd5JPXS0UdVtQRHBfgrrINheJ9mJvGcZH/lkJTjUWgymEBhxmkn4bXBX+swtW1T45OS3yQpGlvaHJJSGfdGRqXH342xPZ8Naz63J2KqbY6fZ9yUh45rgijaa4ZqRICddV9qh0vdJDu/9jui9mi72ywE4Tmfztk26fhd+eu4/xbRoF3srHANBlhYTCQQu56mp/7UnOlgYEpbtPriNtus9CsFlIWGzxvgWQeRqJc0j7mHtpCiEca2c3+yGXarI605N1C1TPQ/n7GwbYRTF2cj7GKLE801JfgTzC3gJ2P4hCAz9OkpM0BjPKN/TZ9q5/SBviZPkWmSOFqdFwnUcYOS+z02r5BicaGSO2qi7U+Oz/WsDdBEVw1IAkWDHmCiN78QXjWLW7oERwdfVyDWgxfiVg12DqGYIqpsUcHp1e2VTtGfV/gztVQFbtj8DVAC+KwnmCnBnU0PVNd+e3Cs6jPfxdLXgkfRIWmn9rAJTrG+YA7Hrw9fjGtw3VHzTXN/MkCb7uaJGnkX/ZTDJV5MbownEpDBCMng3GrQ3TShPIYcH5dtLdBEdniJlgDt+szLrw1exKKfD8ZljD+FjwRJ07wqOGozQlDQNN3BHkLcj6gKjsDW16qKCxcwf7QzhBvVSLHKzcHleWrIQsGGsf6/MFS4lDOBzUA0A7XQm1aVvFenQYYkD5LGELSIGuTnDxnKzHGydA4JF51MXGQbbYoYYIaV+57fF4kVrC3p68Qz0wnPtgqsocdk7Cikmi6tQtOv0Hv0n8/XVWYyy+wAt19mQgOOpo9MkjhfV03y/0yKIEPVVlWAVD6smH11jEyO7HdSyAVqC8Zg1mTaHE/LtRbi4iN5Rtm5NXxcCVe7V0kRkpun7nDTgTwbONHj+5Jo/my6eB6B4+oDtRumad/j680z1BwvXp5pk8fg3hbJxZAh/UPymXzm+CC1wdBqlBxFTZRZatcRCUGhRrQ4JhvIe9uTIItAXGxXFutcIQNSA5/Ayy9tKRp95E+Zip2ltpmuTT2XHKWKSewzNM1v/Ji2VEwiK+KUMf8A1aKwMBN4wsxEdcy8yTFpAzS1IBPjyAT7u9wK0m1oi6+FySp10mjUPS3maCedNWj07Y3f0QLaghBoMUqU3oJ/5bRczy2nNpikCp6FSqO8sDoY7co0M2PE/VgEcSPA0gTaxgHj9RSi4KzsfbYvy2CJqqeBVyLbRCWI84C8pFsb+n6uTXqGO71Fdn0lCBMAbQTEfbxb57WGSs5nJfA0YiGRmrFU+3Rw94Kp0DBC48BFadH7XBYoLNjmaJratHqhTtblVV8BoNZApr1pojYzy7xFaxJC+tq+Ua2VbGny5MRYOsJcFJ/tyjYuStg5trCHGQQNoMHWbLLD1A3pW2YVe8PmBymrmYbvGZEReV7pY2qr9Aup67koxf7EK6OfYxXiN6Uw77IZxBT76H4++2oZ2QZ0ghqAPkCzpDFJEkwgLk2J7t8y3YFaIH6ujWwYp8FsapTlVL+WJFYRU8TJcykduZjxUv5JXXMn5lDTon3EqTkxoW3pZB8GQduUSFiJeotSiyG2lOamSzrj/GbQNDZzOoTOMIy7K2gTx5XXRHiOkM21tP/biW5Vijb4VHnUbzr7N2ZYkxnShKmmSYuRJNUlybzqyve2GCg/s48t08CaKFNAsheLIkZ9hWZhWgTpTWe4gjFWhKVZYApXr8n3hYRNU8ZMaDDpRQzoa4POqoWICwod39g0MB91x2s5Kbu4MCUPua50TgxE3VXKR1OINcbpawaB2hWaoH5u2qrfGHkE05AB8ty41Dbuj8chu5tY73g9b8OedHbIfR0ezsylc/VlgiZBqmymlMMv9KopkTra0bcBrukawxGDIEsK11iPlmCmUyr6VVS36k44m/C5IsjmTBOOzPZZ4IbUjfY5v8j2dmP2uBfCpG5P9vMQS9OQ8VWaV1PldS2FTBxEHUqOC8Lop8oYvqj/V21g4aEe4wcfU+svKYyaXrfcywDtxdVtOdjbLOcXOHjkFTjWMGBcr9ouOqrRpgbgDhQ1fQK9bAkUPpM7dGfTmjSVbFnQT6OghtUlieY/AhN0QtiWkUSeCVyN5vYwN/xWI1u3fexOi3BoMmk95NBENEyiYUkdCoU1TBQySHCOE4PipoaulbEbinVqMlxw8Bwzq5ySfnXXhgXjXcMZgMEHgorlcIIhdW0KugRCrtVs74KwzI23cIMI+8ogiphB2La+SKnLKW0t2A4A5+PJoGnHpuTQnvdQrVyMXSWzQOr/1bpa0pwgoFajDZu2uu7Efjk2GRwiTH5f5s64+ELgkLGrCRSNs2kZG3DpWpbBzbHgMyhvnjtsIPImgITUq9LGvghpeH09KvcwacTZ+TG2TffJjIl4M1fj3Gfc3JOSKlkzyF6V5WtpDVvaEni5drvaT8JcLq5PXLlWMxWBGe0ILmPJNIM4kWrBFTerEdF/1heF5M/MOub9PWyPaVoGLVpmcbQg6Og+kcm4q/QVomWeHW6EnO9fRFrHDbKE06EWyvUP6ZkEbb0vRGpCmrGIOrMq4DLUF/2LjiWZMi1a5gQGMm1lNawlUSudSKOWVuBzJKbnDII1UoJo4FohuhaYJc25sDzq0SCHPEpJrN8syDyo+MANqdg3h3WT6XMwkqQtouIjtQZTNGwSNhtTVXMigJT9MjNhs6gutn3nWQPYPFaHj1BbRfZp+jsWfK6Pp0beO9guXz7Fbt5csaVGRwcExHDe43LdUYJtwu80TaCw3dccYwlXg6bWGQ4Er2tnO7xo2sRlvVvruHr98V9c4BujVqxTfoRKMK2z5lp/XsfPtCiYIIcToIyNVj3uavNUlsUr62Cao6NdTI4x36fKOH8OwZqDrGnEjHlzAqvacUmQFmEqOlrShv6AF6KHJFF5DYhqy2t57o1yhUJKqQ06GLkiucXnicams56QyXuzi69EniqKLaVl+qgNrqcOrgi7GM1KkPEn7veZjl8D4MZHUSsy4bHNwwRKbHXS1no5CG6HCaX2cEH80qA8n2PD1hxohmxTksTgNeZqKZfXg/L44b7UPk2Gpn3REAHEvlII29pvMrT8IaWqLIIp9aEbGHSX+UftRkE5UX3Gjl+Cf4A/ECVt5bJxfsPuplcdah2GizV/eNyMZb/nNWonWgdXMPeoETxz/gpzVaZoyuDcw/4+zjLAmW6ZKGj+ydZWSYudLEhY/NPuC3UhQ/Qq2U5SM9mw6TSLIdHrvkD5mDqWaGji+I1Z4j022dG670xSKoBbZWpUW30PPNNeiN+qUj2pTBrDko6Pt2KMu428AKA/V2ms65ZOsvtrAliCJJ+zqSCVH9qhLZDMcC3GyoYmGpOB9e52//99fYe2ZcWR5aMoisKDEAL5bqnnC+Zj59dmrZ7uabWEEJJwgjJQhontIiLPe5onFffeYzLD7DDpccLu93VCDv9iwL6NlkhSviAaJ8ZgDsx7777JrlHJyKomulSOoryY78jnuUTtFFa0POppKEgm2dyXNcWBpV7LTB4Bddrb18OP6uhdtA97/yOTlMgh9Z8A95YI1AemgbR8I/fo2PoSgyoHfCJNZhT2izFSC5gC4nAgGNHuAh4Xc0nbAaiuQVDAT+/fa3GjgKmigRwG65OrhmwAqmPgJ28c3cmIUgaYmpRJGo7nsMRbJJtJDuJ0RLCATM+E0QAf7lLgZxdjWN4ysWB2CJ7HnEP7+ZWZK/x6XjrpsfeXPg1Fe8QGxDLG5nEZB7pE33un9t3neusBER9xI7vrYpXiU7elr/xW+e0aZDhL/vxeF7kMMwYVfqKlNqQluPqqlYTugGiNovypP+kpaXA5iABoWx7jN3Yiod5EGzV69+taNhlsqR2o5ZHaEtE9mpiDhRsYvU2YbidCCAgMjYLlnenb4P29IzTlcbEYXqNSJNb8lzssp9TleQa07cujE12oZzNiLM3YC5uWCG5GalXjnptP9dZ705YJJea37qcxB9LS8xNDIEv2VDITp166IR5tscPxsLG/pedH4slL9emGtWxk2hsBcspA5HlS7QAslvnwA5zTYHlsYLdxTQQPuLgY34yZ8tPeKT3JuWVrcd3nzhX0FP7T7z3QKXCLh3STa3dsa9r3o9sYW+hD8ZyDVMb9Rs3gjSxIzopolJPrsc2yswOb6bI733KJIcgY4IzKmLnIvQ5aS6gPaDdgr+qTd8y+Lj2j+ogQ47YjPymA/bVs1ZuJpAQTXCTTZRgJXei247bih1tKJFD5y9ZaOQm7fc917Xz6FkSrfgi+UyAbjUzKKIgh2PBjHHu7wVbMBrhhp+5JKy8GjU9GAdU0f7kejzIe9qtaHvjBBzUXBh0Do0C/GvDO9Ap2cXpy3elIrunq4DtpYVRDYFlN7cxsDQLkpIp5B9urJIkYkPu55jZGY0lXWdhQDMfvOi9oY9w6C7hDFDoivsHiecrTGwLYYW5DuKczAOTFWtz2OhOmb8GD+GT34AIun+JvKOnAsAvIFtqZWjDdX3pghYwu2ML0KOTR8pcoxgkZTJtaWDrz/xUlSHz+dYS68ii13u59sddvasVr07Uwm/Tn7K1QfioP5AXsdmHbsK98yljadTKdyAj1o8c1MFZRAOMCdMrbKxOk08YxrMisBkFd5pK3bDC9XksuAXZ9MhJH3QtY2/FtiaJ4rGrTIn/d2T5hQKkbMS7oDWkQsIaxhG1cbUQdUhwxXfHjaqjjrLEeGLPcIbdsi3NP005DjBB0F8g2MyAOnpEL0Q/cTng7n1dgAsHcXtDAlTIiDD0z//Z1fefqqmVgqnp5rVTaktVJNENkUqZF3QZsyjZTx3yZztGH6lDbfvJgf3nAVQcW5UCLk0aZlp6Xb+mYByl56GY653bCBIk6gf2LOjO5ogC2TpERTI/KGUkkYrBz9E7FIVw1EKdin6FA5XYA13onRbPTi0ZB3HJISoOw9yx6c2Z/JrEHWY1VUFwxgvqa9bzYOUKe1WWvzzEM0cNZC+UkFAX0x7lZRzrESXSydAlZDaPZZlvzW/D/nMwIRuBRdXLHxYpZjbQ9Og9r2otHG6FO+M7D6g2IEPSNZbgS5Lvan0bC4d/F3uiR+j+6z/WiDaYx7lHcaClyUGaiFOj6F5qyPXm67JogCNqzOdNQTIRQ20ON1ZaQAaUG64y0B2hHQ9vA3zm5RFSzRMvbYVyAbYHFr7y/RrAnodF33DkiwDJyrTWwnO3ht+cG/90bF3Xm8QP5y8kVnJ5Wr9Xs8CxdBjECsVXMWwZzXUQ7B2MC1zMFZD9dsQP7oA8bbmELld4lG6P1jnx4rZzqmkN96mXARnDqD+DHGa5gHj05twBi79ZE+QEoCfM7EjmUXq2385PXtJVIyuDgXP3v+YOqr1dAxlgiMHtVljMC+aFSvK4Gxh1h8TUJeMxNFhXdM4+dl0ceAw2VYl42O+SChY+XoFGrwlXWOAMtG4xVz1iFKEpkmBTn7IV65eavf//HzW9//dOaLFdnI3OH5ji3vDOABl0ZH7kaei8M8uPdR9fsQC467wsHLiUGk8ohdZS7VI3eRvUGGeDmrF9r/SmCyWkId6/VeAcaw1kNt7EXI9K1jLEgElQUKHlgO8Xb+qxOFU6FuFjwuN+gV4XiD20GgqKoygLyQK77vRFmFggFKPXgIIxlR4IEvtuAM/DsHZ48UcMZUxmEqSFYgnN/O58PnBXJtDi7GlAEA6Tr+UB7RYlMQYIz4rnzNSLWa5ptSfYDTkR7RywpKPX7dJ2SEdNDL4nTPJZ4NCmU1SD6ul427ZHXY4CwthRURiR6U/5uNN8Kv/U4vOvjag988tF7N//96Rd85FZbAsXGoXmQ7RqQj2kwy2CPuG19XstPeyO7OGTejiXA8R9MbcCZD885+W/ES9SANupYRibB4f86WR5dojPmsUxAoFyFWc519VHp8t0a5EUUmA0aVPA606YxLqJcd4ML19hjBOJ9shIljDq1cSlo0JK4/acUCKO+MDauLb66ygAwDsoGgw9unbemFpMsAl0Mc9Cm573YGAxikIft3jGVAU9PahACyKkZX17WfdsQlhrQeDe9KDNOwRuuX3IQYDHiye1jDv2Qgo4oEzVMC3aRq14uzMT9/qVXKpHZpVQYN9E60a49adGH/TK/rnGBX/+yjh99D6Ff+4iGbxmtaDaq1Bbg9JcZEdbz6Ymy7ZsUdfuKMUxzxtm/+/k4hGH96l3Ve8gp0pldujKMLjxkWjvSgXaQ4/wnbMG+eJOROA5Y/zJGvYdpET/5SZ1zXIeNT1THVvaj98ZCPDYraE40was9Hq1UchSL+sG8Le9sQur23r0tAD5QMsX0ZfRVz+JtctP3wpwEEYDGwwo4Pf0570UopFhMdDp22fgpYDtTgvHgBBdy94DfnKNObgSscCWDJdkDxvFu5sdgRyNZ+9xIltlVY8J0C9eqEyC5A0XViUO///Hd09ov572bP332laOj3w4WSTOmWeg6usGx6Vn43TrJK+3p6fNU59tvYU2Cl5Xjui0D76SRn2fTi8W2gxvPSKWDJ77aZfOLomwbh+rEOMLPKp3hGQTGX38urF5xhXK4/2g5t1mjXGkcH9wOkXSIANuTHunRYmN91dAGs2u1wvkuw2WOOXW5BIasVn5pvBKL8X0d4IEHh9u8o3pHcClNaJOXzI7UVCSAuIz2oDuaBkjZWI/nH9Js6acXd7nhgbSFVMs14B8Pc9wwuyjBje4uYCtneSobC+vc7szFfv2PJ3V270N6ZxgDS1l8by+L79kpWpMCT9eUHPwElIT1fUWrh69X1GLHBpXWRZ/tEztL6xVdtuitwjnR51SF1BIBzu8ki+gK/fij2h7dGyjvNxzerKbIaz6xQwXS6L99+Y1kXv/W0mqiUcJaoVq5g4aycyCE84nckhLyLygxoFTW7PjQOGvHpysTa/oJvpcpE/IoIxix5ZSAntbkJ+rscYOmTbyES0WvqU/3vAbAo7EJ98GabMtA6QgnI+8otIqUIU6UlKcz3V24yyRTAbWcwgQuAXPaKqEjom+BckuRL776jt2iPWJrcId7K1oeuCUy4I/eDmPpl0XJuV5EpdxOMyVyqsBKUo+iUiiLUj7OEFw5xKJMZcN7czF7RQJNaxC+pm/fC7hKBul15EYNZaRICTG7FykYspkfaur02hUiWmrXvxxWpT9rw9ORwxqEOoRjoKGoIhAhL11mjb+lieSQjoGdkmTehlIxS2fli2oJqMRJY1xwPad5Q1ORnsyFq5sW+MdAphci5assG5sdS+/z6WLbRg30pFjDtxvpAV4Me/HYeTttXobQu76ZflIf66DKBISw+F1NPkOagMGxWGA31sXQtPNokMFajGCZBcG5NGewao7VXmBkXRw6WddQp+9pJzhMM99dzU4VYwiuV85F5QATj6prc06N0b35Z2dk+WzfhzphKDioO3979ptNMDP5Bjj0/pybfrg2AW8Q09/4lPEl768FJf/sb+eXUEzyR6U/A9m731+Ge2C7DG+vk7XhbIMYrZ+0ccMtu6TOa52SmWnBcAOwXbV3Uwbdfie57KZ/pvYaswS7pz/ze/iWweWPinYjveUGoHji21LHzd+//K4aja9zP1EBYYHY+lDQ8WEdG+OLH1Mo1scPrXGdixOKN+flO/Re19EpovOPtRHYTrxizDEXFLOBjIUyWjOMdHXuhUd95nwAG4cjBUaj0RmTI13XSuqLb0YpRTuAj7DDXPquv/VaA9+SAgMQLkdwF5TvMgV5cBdGjqvLH4vsrw9bAa2N9trnu1TqXmgvTYsKpyD+pcp0g4rIQFaMWLm2jf0iptAxRiyPLaXNumUUsSNIA/qQqdIoiWGjXg9Ng9He5ZDNeGx69yoDq6O++rr6wGvRTBaydLkxCNeVHeI6BTs8hQFOwwvYpS6N0YxxdaSWBBqIBzjrDqci1MXuLWt6loL3tZRX7yKdwf5B2hn6GgHyO3Dybz4nw8Pn2zW3CPK8Z3Zc/Aia1+uBZxi48MKOu3Qf4PSn6U8PCSxNo3dW2sDtUH28fgDKU9EZDZylEUEkqt/bXXxCiKrhe5jHf6xsm/cEzvqv3awa/YMm3TLNxD4uMBHp55JyHTmvi8zyRKUcEwmUymzUXkzQTiBVi1U9s21C9I8olAPvvYQmpflHLZrBvVn4j3wAACAASURBVA/e1545+6/bP4yONlw7viNahOYjXZEMryfKK0IkZcmAVFAmmpOuIMBzLQnbOj5JR2ajZ5au2z8KmDpSifhQz5r+Tdl9LRECEdLP/VBGiz1oic0TUks89TwslF1GAFPjb0vRyrwqasFUSxej6BjC1LPzu+EXjV+NBndU6S5Kd40tcI2yZH34jfSnjaoBbe8vKzvAKMrUrXldwTUWt6RlW0iaw2daHKPwmP3gfgyL3/wfpUT619GwbYWTFgzSoWHn/BvYGzjQ4V///l3tlvCGT5iZfHrrPucryJufhqJ6BCD+Levj1oS+fhjNimDtcAzulM4lsTk/wpgJkNsjG7RyAfqH/wGX6LrVeQn/BPzLGI1/Pkts1T0u01x6G5KpBxxVpIOntWrL9d8RGu08SJ/6bUVUzuwdALlHZDnBpCOReYTF0GqQy3MmEri0paXx1hNlpgFc1xgqRZtsdRqiAu72/jKi3Tu0c+1cj8fU+22qnV5FrneDCVVmTtDy8Kaxe7xI14azeG8anLIJF9lhLsY3KMY5zt9U1+hHH74tVZlfpaiOmH1N+hvZ2zEssW/7QKSeEyRPXsYgEmFiPzKmTHLDEsbl7BvkDWzb3I4CuPcdDsxuus7U54gKNpz0PoF+dKPCAO5zRK1rT+hUw+RRjZ7BQo8D5RgiJ3Tze7rYKE0VpzOtztPNQeve9m/g6m8wPLyLfngYXk9XGK/Vwp+XWeEuC2RkukWML3l8h5U2ArGTEjZgu9fEhh2FCkCmKQT1duY7siANk/ZkeDsdGpNf5hNyO2bmHsHqcpIiTaTIABstVx6aPOltPP91zYd5843XarLcW9U4fjRG4Fdy3FMnHhvlNjs5EZe/DIIHoFczD1u808V4fbfSE7zUQhrA+n28O+sY5HyG54OddgVxsFhfgI4SOGjuXXrrbzHRQnZboLpJX6IRjplyXau9A4SAflIIBdMI9BeILffNy3QhQ7QtG6N8IIy7xeER98uflq6S4+Pi2R7X4cZ4DmfC0rMZlWpXaDpwD9qYMbyrvuDq863IxXPJXjoaudKkKxtUw5u+HT1eGD0KeLcI6rtOZdzGIzGSn3pH7QUJ2xctQzkB+RHJ1PHIevALSYX8TAMj0Qp1bMNl1G3sG0X2yAbV3774lovoscP0Ex632v5qiBcDZ1S0loztW/zAm772miqfk1xslPFt4YdySXWKAjn66TkO04i4LEwZkEg672muF+b7Y7HMj7Q+Y5PPjtGNYkY/uM0jXbNL8DY7ABJdlziVOwdDS9tBwYRRVWUJm0INmmUagjzlbpCKvihagIlwAQ6kL6nbLuTIM/P+8Wmev69JT+g90pYkwYENh+RHSDbaJTSU97SM72FNuML8IzXGtPnWygEp+PSKjS7lNDCJLhUnjcghGG3obcjaSYPpIqqoLgnuXl2ZqZcHmIahe2FHKrNO8IHdGh4g3eM+pmuMxi9hhugXX37LXqFP//K1urZ9D2VxVig6PI7Og5ai9Z/f2U8o8/Vn8llj6WK8fNObJcSN0pFU9NDGWdppYpB+BbH10ELQ+cKYIAdZayOvNWbUCFg8NPTknDQZblkXfr8sa9JaXw8T2Nv0jlwBPaHh/I6Eq1AOmrERSo6HKf62sQAErphtjDBeXxB1+lzhJQ/ZmYiNlxVI5yEOsNSksABDjUrvr2PN0OCcAnVUoGK0kwAMIN6Zda4K9PWOlAwAuo9RyqcMy4dM6161puQhTap6MBRJ8ImZkT++Xjvyvfbg5uErVT8X5I/rk3KF+KQ+TIvo+ZX/P8ecHiw7zMxEPo63ktre3Hz51Q81feF+DZA9vPns85kSAIJfw6kunsS3cehqRbmtTrARTWr3wYi9XBUqdwG71yttm102nkMDHPn4Ylc8BpvWYeo3AhSo6iJ4x6EhHUHwgKdiBRlR4QQ3RUxujBVmdtTQYXh6vTdUClcuVbcpEQGy7r94UdurMH+H8njLcVag239trSkGzFQ5D2qq7D99zgVOI3WVUu/qNBJSfUYmKIW56aQe4td0GZngobcFSUk21vC4kxbZtF6mMrna6SD/YkAe6ON7oqVTprqmHRfmQO4YzZxo4BddhVhARNJZZGjwRuZq5MoA+q++/vHPf7/53W8/LtA94GAZVIWIl83NYuTbcEZ1UqjNquUHOjBFAV2MMorsE+XuAhfQaZ8dEIQGrGCz37cq4+iJh8sz706I4zRDy/l+gR86++GH7FVk7EUppFdgFBkGJvg+AaD5Feib3UPUI8hAKwAb44mAtI1dQLaAQPO2Y7RRjDe0jpohLH3E8xtqeSZIXZ455dUtHoDtUU4AXuzGkmEE9t4kUvQJgDK+fRRqwMlosY3ZbAX8eY7BzZ67G4AEoeWVSDpxwMZiLwQqKDvrKPVYFrHXw1X2ozFC6LD2XPIouBzc3MPvZ3XizaeffXnz6198yGkFaA+ooyORLXDZbZjIa6w7EQDyu8e9HKvNhynOlNXMzhW9xk54MxAxKxayQir+WkU/jSv44Zb5cp4tBMkU//8Bk+vKCP7x7WN2j/ry0n2AF/CPb9Y4AIUkwIEZnLRhZPAjij65mMLSJcgdJtx96dqtwv2xwJivtp6e+79C+DWX8CumKwgWaDh41mFnAJ7a2TVGhtJ37PaJRQ4+crZB9xqJ+TOauECWdhiqpLXBL/lOyrQlQf2GoQ4b7jk5HjSAo4zUj8v7PVIJmmbNrRyc0hVxr7KwqOTLr7+jEbyK0yOrnBzGl9TqUB7hoXclR3/3Q0zlsYsGo+WmK9/z7taom/+OXFoEM1QqvfVvy3BzkfvZ4QI75KWrM4veufzRo86ZMMc5QXWNB2vsHlrc4PGh2TA12oEHZEiLRxUZk4ZIKAB/0oQ24p0P2OolRf3bjRa8m90GDuHvH5c0aps7Z45uquxBOg4k7BJ4Aur553327bDG2YzX0/MBpJyG9K0Nl/g9oy7/jIl4w45MVzr8ojyT/gKsLjPRQg/IeL1QqSPMITiRujzo53/7hj0hv/jkJ7zcA4AEm3qq8g6BRT5N/LEBkK5rG5mcwLMl1SI7JMLyfQUzMznmFOcnTzWFLFqiAjkWlY0p1hhP4LY50YmrjQNqR8SyZFzV7+D/+aUcipHK08gapavUXI8nwDXtLif0hLFbOehKR+SZnC6ZV55EeBfII44lGONbd+oHt0AnUBphTUs3aombgNafkSjuMTrEMweAE7VE/gJsgOlIIeGwIAvZ/LkOKr1ft7dfPOFW/iU8RJaNHhsGq5RtmOerIclAB7ThewDw6V++4ggxxgdoAAs8jT7ZWt+zxZmcKbPbTywjjXU/tnQqz71tQd5Y26fbN8bjG0tH9GljFE24p80WcjRrylBhrGpZmzoRVH+32AAeHojnPfdDLz29R2FZTtiuQgJuFIieD3jgNCDFiBmNXhYuw74EK/p0nlROiRfQ2pDyPcpoxVtNVYC2DJFx6m0BMb9ah2ZuwwX1o/HZHujUsiuRIGMDEWzKl5IEOjCVmvXzFoz1jIloo124SFtAtiV5q+4YZJvALachWmCM8Ygy5pxkk2owO/JPf/6CW62/VTNHk0IMw2PIk6+NAW1ngBqJnxDeWNHzkr8/jyglfrRSS2Sv3PBMg+ygrukYjYA9gFiKOmkk5RqDMR6lDkeAeE88h/nZYTz6StvAZqTb9HCLOxAf7+/UYhRqdPO9iF3phwDqGqvC17jvjxRlJNujx8NJOBLhwBffeJAFXl3gjqgleB1okQh1FyCbJlcy5AZwLZ2hALe2Je3vfCpWL36POsad2FjGW8u4Ii9V0W2YpcAlwNENSbIhRpFWwxodkDHXY9i49rPPv7r5+GfvaY9RvM+6xUzLMapslobZpCPH4XYXWbSDcKF0xNYn7mnHCBn6pC0jAxFjGfkzvgWf6Abllu/ZtnGBf0oZQ6TTA4/0/tXwxeBOg8sgPNKJQau9tntP0Add3Z98H4Shb/uiwBDQMjHjagPoD8R3Dh/buHjTsRlTCj2T+bVFywJlG/JOS0a3y451Llr6qnmDNHgcoZ+Mxd5WzHUatRHZD4bPbif1nYWUzvUtefO3HcXVeOMNzaJBO9F3O1WmS54bLzwRQmwQ4wjWn3/8vubZ01vqn4wvxKYZapD2PQxEeS3EhLU2ogOAMS5a2ThITFXWOXO6PDXaUEiPlDdO0EZaN2alGQ7lM/0uK7jM/laqoHTuT3r/btRGYqwtSLwo3D/xhCx33b8o7RYCzF+qwX2kPnvNwRa6nhvLPaQjLdbg3e0Nt46mhF3F1WFvrrQ29pS8UsAAVJ/2DfMsdTh5bSIbpQfx+V80O7wlVG/hRfunoY0h72go8Iz5XIwznjSIwuOewrExZi1XFPiaHRk//Ym2WNwAnLZVJLj1odJi2BoQO7W0OfSbeqANXo1wjGNkCMkqWwXZMFnX1Nm01jUYEbvxPR4zEeYiNzq2Mli8MLn/pBDKFxbKm5p1jdjzvCG6FrMZbm9zrZdPh0fGMZgxdjfebwNUr27rT1qg3eo24BNeeS0Gueo+DNaVHMvzAJZtDCHkVoGGtStUBJH2qa6E6l0h+b9CxMRxXn+860WQ1ua0LUbA9OTt6jd0R4K9KdgdVeMS9PBZNYofVh79AfYZXfwnhUzE2OmYvHgLyGMClkuDNbrKdUtgGTCK4M7hlIHKbMdnWW6xiQb/zySwI4RjChoY7JTJIu8I4lVo3B36QfbNCSO2zEiUvDWILD2DGCOv3X0VI2gFX+BLTyhEZklg5Mb9ggBvtA3WLFDRsPw28TWeDt+5jYiNY2ocLTf2DJAO6xGvldBbGaqwS8Myxj2g65w+RkEhOUd1mEh3a/dCmXbxkK5YG43fgdplR5MeqtyABvhwrsyvAP/IKClRg8UC0CPLqLZTM5gwEPX5378tA3ib5w6oETmeQ06GwjHA7PcaH2sLS4IucsNr0ZuAGYb0VZFMvUHer9Z172nMIllmkdjXVeA6+vfrH6dYy4wk8RUmdrS+/913j3rvHIVqETn95ELNvj4ge6VO7viuJ45NjVJv21Ega/7jLeJ1YpXcrZhsra7M9gSu9epJqxBOf7ACm4ZwbwFIZGAwCpUih84NxnmmaYFh4vK1kW16Ol8Oj7suvhNV6HO8qw01gFh0R8VhWZgLgK0XlMyvAlR6is7HxmEcPUgL2AnL0AH21v/s8y9vPv7pO9xJASfRtOpoazBGG/BFLdDg0CBtNlSP+vRinoizBdiRhj3MfkMNNuvkLkN3OREdokDWonDBTqJHnlu+7P677759TP7TDEEMp8sLjQUJP+NtNJELXhMTyIIklt3eKsoS2OYcXIV4lP/40Q83z3g0UyOHutSveD0bRXs9dzFa8d9++4hTp3OgnAzMEAtAYxkLsLgEgUNI3HvS++vLydnDGbsN3+15LSNQ+0NNRMNI9LGBrzBi47R6TJsuN6NGg43B926PhzQayF/+YqSyzUQg078mI8a5RI/pbdkpVQbDMD0Ci2h+/vEHN3+utAgnUR7Z3yFX84naOZlUg2FKuURncDOuIE7AxrQcEwbFXn8wh3eM0UuWUSXLtpfdUYCXqycIew9hd7+tu5U8sKzqeNG0h8BvQO+BDDhNgpemT4YisGd1qvk777x9hJtlMqOgeq/VtRwhFIK5Ow+qbJ0KvvwiObKHNneRkegRzRDyGzV7863aAlGLYJbAW1YSlLz0yrH9LKZvP3r0WLuNNaWjIDEib3BEKNMLeh4/eVzgr3GUWhlyS+DWUwvkYoTiRRuAYQ329z9qjYa6bKdbsAFPeV6cgnl7xj0wc1BG3lhCbyJy0Egin0EKmZYzeLVw8dU3dcJKfaJn6NPaZY4HjbRHdEFBtGzP2MR2lrVLHZzpEe3ykGUb1K4ywBfSMA5s1bhQpmc02ccXl8OGvTFqMjAkpN1Iai9bZhYmj1/Gecx06MPTbeWvcN1Wby9DC9K8+QaJ3Mvke6wYCHAFyQMh6CIMjL7KBgswZnHxdccAA2BEd4oCVaENs3eeaP6WQY1xaV4lDWU5E+yreT0eNjMa25FNkOp0KJdwNCf3PoVDMXBZ/BK2ZK9KEwH0DDKzUvjL2jC28t9nmMyWg+Y2u+HHzoGSXQai7zUaWrzcPkNZOnFAahrOL9IJtkpUOnpTjeIvaie2d2sNwRtcQxDHQx46tXPKbDdak0K4VvetWni+vXdG2S8avK3QRN+SA3qURGPwECQEMnFM7Z+7jQAZvF7Yev5CDpPTO5ZOQBu0JQ1EK/xlcHSjJRozrfUKPLd2fMjmcnRjB7EnZ8OE6sKOzz65cQzyqOgIfU1gADRmd2zvHQsPLW20pmYD0HzrBMlloEbl1D8eZqSV9oPpqffPeTBuwh7RLyc9RkyTZmHmas2JZPpwKMMgz7XujYlPq+o1/iB67nsmb6Ih/Yp1K79020FtPVVvNP/Qta0U5hWeQ/zbX3/IneY+/fNXndYRS45ErMJemJvfVk/SvYpEy2ccTjFw265TNQ8Yfqyxpe9rkc+tqLNUeat5td6H635Y26nDKcgAlAFEr5x8GXm00ONRkPp0WBlvGRoRmrhc0i5BompxL5nKQlsSC+za3Oiy3xDqtximfl3Y0TZelkrvgzOohYhn69WXRaG8vwjBdx4WZ+/ZC090097cKUc7BF+H8nO+Me7lX7tJ0xKjW2H6ousW0F1GPzqKID2FIvk9FVv/IGpPyNt82J6NLyvgNvJaXumpk+KqV6U+/vjplzf/WmsIsKTyT599IXrN5z6LF4UAGw+47eE0cS1svtYp9aEh/yCzMmg4g+9rjv/eekURLO0D6zC6WuUlMr7DrfExSMaHLOekS1XHNMTcMWclT0ULvK6AaUulPtp4Ck+yQ3A9uFB+jPZJoBQqRo99VGrT7RA/IB27EflLeQSxQ2+MqJGy6zcwIyQbmOoUQKlAb6/RqRdvG8BbaV30xSnw8cNEVYVplAvKM31rWI9ylsvcATj0StySteTEfpeRDa8NMLZWumh+WTIyFZOe6cntLNA//1///VfOF4IRqF6nwrs0sjkLk9I7lq5LqSE4aPZXfZmFKm1nakbo5VXvqCG+50/0xtPPwJooskziLPjTZ+cEvrfFYivXs41GWTgOyLvcb0wsLdLoDMJQW7/npMiTAelmul2bQRZhSg0CnlIPQzQgIqQ2xgakCEtZ4l1gpWLkHvTXKZJB0NEikYkM6dnFpoq0M2h6UibueRuUq21asNPNrB6U3QM0mE+FG0C6NoarCubJ/A4/dbM3UFA5wSPlZn2NLUfx6Ol6fvOff/ic26J//NN3Txu6IJE7sHFyIr1HE2Q/wAvhIkYSJ9GqqGembWfdEODZPc9g59QOBA4BPQaGazyfGI3xGMaomM9x+NWvtbbymyK7OLWEltfQ2OtQT+Q4vIX8fNpILgLizL8I3NCkPUmbfFlWm/fN2Latus3JV+3R5uakOW4AXcnyb+4ubPI3cmbT2xPl21mEYYCvB9GsAKg3vWVH1cSDy7zIRExfwE3Dz6TdZXwt3k2fgWAjVlnLkCnaosxy3qbRHhJ0twE2RNsxQG9/+ONfb95/761aV+wljO1Vx9P22Wy+53DS5fScnB31L15ac4syQ9cRaWFCQN9YEQxbjPUFR6wi1V4w8n3hKbPflocciz99iSrSPi5Kf7b+xsSvSMtTMBCVnc2UjmWX7XnDwJqD41SrvWQbjk+ObOSqLjuxiGrj+kKcjm3d7ZhmKvlHZLqMsg3TJdMpZCc6w9u+9W6xENT8D//pw4ZOEQ2oky/rfut78XSdCxQZXJDQfgiuEK+PYUzKNPKLoBIAd7rz5KmmUOMQjvfexR6boVn6Je91kbtHR0aDzU7RJiTb0EBap2/8wfL6bOiE8QaenpGzG9xk/CGOnHPVcDqn/7oOGkAQc8Xt/m3loB4Unr2CprHkQuJ5yOxpHrse9v60Ds7n8ktOHUYQQQyD8TPwur34PgUuh5jglUv8bHBJ6Bn4a3J8v4MK7dboIbiTnpzAO+JEykhdZxBp8IXHlkVSp8tqq1ZFGHJOIdwxpCzlWm4Hra36U+7GnXRzyvnWaYxLTagO269/+pcvb3758w9rLOhh79OUCAbv3QtsZBHjZLtep6Bze8FE7Ro8ml6+5fB152Iwe60DyXU9GlfIQSvGkW+fXTB3YLaFU1/QW4IeF6YdC+yjoFHGCYhUKpYwairvHyYC7lFktxsuibbaAfIU2Anh1mhp8yBaBPphelyFrrG3hGX6YaZ17s+SQ2ulbKNmKtG4UgS4/u0ene3Thbcqrb39aSEdEW6VqOc2z6cawMM0iL2vVxILGX+IpuiXBZifodnP0sN6wbynUUcO39RAGUaJf/2Ln9beozaCsIIIwDUas2ObQBu/fNTeBpjUSMtKdRljCt3G4VicUz2DOA+2DSeKODpwegWmWZuX3ea49kHe8gQN9BKQVtx40cySZYzt1Nd2S7oDkPWZXyukCwft3gS4eIxo2IpLtNMMUg9qQVKp7uJtJ7c1dX40XazZ4e2gfaEq+Xrnxav83WM01eub1ufe1QoI6CBAMSWFjBTHhmWBk/ptD7VSxCW/OIftByJ9imnTb63s9GbctOgZo5eDOAyufn/1zXc3f655Q7/51RiBenw0Ka3P5B3xX0Q9kWG8duRie/VKvZQ7jVyvwY7yyZvf9epACVizTDHCPU9AFtW+uPgBP2AlLW653UhJj4eisZLxxHSa8stSpsnQ5xlWtHB+ezF7LXjilrCZ2O+24gY0Zw+BWTurI53bPna+oB6gmXOyu3Lta2/RP9rbBosIoDf6ZE8JRRyYppSJS9vLC+b/rORhKFJRgal/M6yoNFFtFRp67BUD7VupKvHocYa8Hib8qakFU++XXz3iirLf/PpnlQ5Vm4C9atpiJ9utiGbjIzTEye3rLnl3syoKjK9uD1516LsHt0C7y461Jt5wlimwt+jmLObDos1wemcCZFzGiitMMd2OmmyulCS/qeBWarq7RCgaJLdPYB/VpqFs37c06KhgpjPqOg+sMpbilFZfwgLKAFAc0nm38/YzxZh2TuCbsuy1ab8+jAPF0JCvntLes4VnYwmGmjxfp9FQm3Er5GgMyC/w/SlLxRPBcZ2OQnIyKuTsYuW1gGZFohzJFLyki1G2F8tWPeAfZ5L9udoEv/nVRzfvvoOzCCQfnrbj78mGutHqSDFpl3huJ7q+a7Xe8KWurBHgjIVEhtZPGwT2QyoDcGM4q+K4f+EVHpSJOZdMRRT7/g2udDMmLFm6jUfRdvpUAG4GvwzYFnq/qropY3mS00i1f032oBmDXn40RDbwVVfbAvEoD9WpjSsZ7IzABzvJ+22ekN0Cm+QW/2wgCmFiTqGPfKm6qwWMcaUNlCdSzNHmIZjFy9jWKiO6W14vZJz6WhgwyBrnDaALMO21m6/6/WXtMvcZjcDpUL2rdoBlQcxKp0c6RdxLJge/wRreQLpSTHLaRwbhzMwYlMXc7jeYkN646ziiwIpg7GCeSmdwolOaepHbX3vHiE2ggLHAMBi2wwnIdYP9sevvFrO+wK6/fi4e1YKDUpn/axrTLqMbXA2uSFQekODsF7w/vQEZQGyTjaLk5e5STvgTjVdw3kovrPX4qMBuniMSKFPikLMpx05Ef57RjQM0ttRJQ9PAjzBP46BE+H+XYwGRAvI8G+BGpAFwZwn24qyhikckQO/Qb34pIwB2sFMdqe0Bx21M42xJS7y+GaM4WLl7/FocS/N+SI/6v7eMRDNZsfUK017zfR+LH257IgusGILVPXr8pMLa27WFXh1LIz7F75Fa2AvpRuSRB/nskyqHjU9YYIzHXlESiqL8aSLnahSlBeztRa2dTleoFLobhXwbuaqcXhKteVg9QKv6GAqNMXv/Nz2RQFWRsHK3hZwM2bsesquKZPDnloCUM+W4o4JlFC8N9lpsrZX2uHMwoWVhAau+GI+dBAuyAnBpWR5B3yEmRrO0wtsjk6/KCPAOdp2DMTx9Wut873nepfV8OIfIdYOrwRwONTconRdHBA17YeHA1OQyoAmp/H1s4HBfh3JwQYw8iWqP95Cs5CWx5Tf6UZ88hSWv2jZmL+DdPyEbgO27Wj32/vvv94EbAUImcMm56c3JC8/v8CjffvstG51aQyDdBCxxWldbCj+RMap5/OgRpw5nlRfpCcY6VdmeJg9EqDHInEg4XX4ND+Nr4LKsgEVbnv6OD5qvzxYYWF3AXvcTpRM1LLg2ch28Pbq127vlZ3aYmQhZxexd3nwj0bnpsoOJsxGfr/BwPuT/v/j5B5UafXvz3ZPs2ndXCriAFP1vwxdjXGuMvobniSRU5k4nTdWKhJH74AoZDfZO1f6zNXv23Il5FKVvAP8bteILe/Z033fCNHQntN72+vYyKQ+5/0cffajVYzYuseW/BkoYCvDTmNFzPbejyp+t/FZBAK7TBIKJIVU0ClgCHOjhMTlvY+3oaS5kx2zF+++GmYAkIwAN39WKtITo7XwEBf/XBbYBhm1HAAD+5T1M/XWOewAhINZLBz80A+XGNIj6P1LN+8UbJrvvFHd86Zb7djjzhGJPU39IqIMBi8+iF/OaaFsPfVMH9MHjIh16/eGz2nrlcccgTUiSriQa64As4Hp2+RBNuuu9R7cx+rWOCC23FnBjM8KD3u/dq381Xfs+87JJ9fyWiIBQkSLNSJzUl/9ub5GcSvq+XSA891tvGmxJFwxGGZbzaJQ/7qU1Lj6hXZ32ze3AHcajTgkO/Pgz3Bh1M4tWK9BgjG/UttzDhzmDUhy1GsTrd4MQEZJTqacXaGiyJ2/ljmHLfmSQ+ePEktexMfHrNw9/rJNxLI84mP3ZYLFxsxwDD1+/rzMKntRvdVnLCJI6pL5bA4iXSAFZfv89In+N/fCkHst0h6RErzgd1LbTYqS9dRrNH/74+c2vKh366U/evvlr7UcaJ2E/ajy1qlsm4jMI12X2uCWNXffjaDEU5AAAIABJREFU2Dqa0wnyhcMhonLMD8J0nALBHQdkxHDqbXQboQHDLSZyvS3sZJZycYWNKDsUGBJPPuEI8oC9eYskAmi/Z9/UddNz4+gmG86+ryLizUaYnZpfaNNW6NFm/LKYkA4VbgVSCVHtjgg2pgE5RDl43fyRh9zAO2ojyUBBqtse5llV4uDo+zevvYI9mrz8MBBgtWMwd6aIvg2+sLRy5sD7SCeUlRma7pOU8bTy6HnT4kea8LD2i8K25TsBmzaB+R4NtcFZA/yAEf3fP/z15t9+/0se1PenOp9gALVeDsZcW98xHiC/p0+f1GBsHaaRJbSmnfN/IiM6BoSS5QjjcPzM83KkLwpLOh+g860AR5J8UgceZNpDi97g4wPtOt2wtBXoWWqbkQR7hmKl0nW0dwViqXn0eyhbdSndYCPGxxflOhu6XjAcwDKG9ab+zs3teigr4NCDK9PrlBRAFTYf/nZEvCiLwh4jUDy/KDW/HVn65wa05Tkg36HfKsqy0rsISZXUexr66SgwP3EC8fYEiPWoPATm3waR8Q1F21F3+ujiyaOHRtIlAagtn27Q//cf//cvN//y25/dfFIL7f/46ReT9rBs6Wh1yLY/beOrCl69/4Brnl/hISqWJLDRMlk4akfqa2CNXgGLoCoFrsU2HAjrnJnKFBnIkeFtkf4c+rxT+EOIhCDw5y/brrdy87hoWR5ogCP/uMqprwA/c0Z67nhXKfdCpABMfjzSG+2YLtix9rFUUbshPcaeWnbcP7to+TreN0BiDAnfh7cE4DzHJaAJ3ZM5TPmk4yKjSX8sq62cHdDW9W4HjXjHO1KUAv2OMK27Hsg6CGm5BT+TthJQ9n8igjqrOjAI+n/+87MaUL1/8y+1xBJ7eGaqRApUYjjpYZcPkNdDALomtllxVt7MxbLn39BiWi3MiItCVvVKvYrlo2F05jaKaJw1NSe820hagPESI1EKr70IvqtCbVleO3X1vB0Bznbm7xCaUDQh2XXGS9VrewXZhuTwYKFY+dd++XYp0dFRyITLafy1rztSW9Zi/tiVuiIoL28LEgQW4E7nkNvjL6KJMKH304Bnvba4GFvjPoX4wo5hwotu7PRJtIq+jOqLN/WwJVpuniVvK5F1bjwkqvjyyhJQLPrh//O/Pmda9Pt//aR64Wofz3aIcsD6N/oY565BUB6E0sPKa9bpkcmAplGwoNkVIQawJ8jLlJbWYGlVAU5bVOOXrsEKX1C7IJA/GUL9Z05grRhEO7ZY387EdhOPbXW0gch7SCjY4yX9/6qnNX0GgLusYwOgnsZSO3mNJaSLQQySo2Brx5BEkTmdRF52NXQ7F9pAsWzG3QuQKwwkTbQTNdYEzv1H9xJA2xjV0PUZyeTM7xjczncOnhvMLc+0czKFIYvIVfZuE+mVwU5k0DwFb3jMMzrxOCbJ/eFPX3JK9f/43c95aN/t7U/08nRf5jemVxQVXvt8ZhVjQMsLsQzucrGMUXpnR/GEm8gAe8bjr/fZIQCHgDYkKs8Wu7Wz0h/u+8Nt6kYao8vUnZ6l9mX9fCu5LF5H2uj0yS7DDmiqHzrD5IEcC5V93Aap37g8dkkIDDJ5Smqez/d0CpQW8ol5E9ZbEV6p0G8+hTKl7faGzkr6pcNrJ2drByCPQmfhN7a5JBVUGdvgb3sKygKXvQiJoDfYdOvSw3a6nltMskrXyx0v6ENELxbVfPnVtze/+5ef3byL6dTtoG+DfzuXF/WgtuRsd3tFcVMlo10OvI1YpDIFugoLh2eroakXRf9i3B5ZNqS/GSCZq8nXuzsulcWYRr38djYAd+nlNbhpqvJ/BRcJMag7VInLlPsIaMCpHctmKeUlunVB4z2NzqG2lWrdipJWIMkyRxsfe2Q3QGuTN63zzMXjQ/6U3xXiMDzv6c9nEDG9zmnxTw3FMFc06cjia+pOtIKtk2vbQA5o6OjIsEgmYCOIiPKONRNYT/CXmkn665pE99GH73hHQmHt2nUbOnAvC1zEomXT6o4BpfPDWGjcDDbqiKQdLJRnc1cu71HdMrQRdGS3wttj2AgEZP2xxwZ7/m93tl9omGxlE7oNtnzR4IVSlom6ejZWHk/Dd077WeCUS+gZqRdXe1Jy2zPfbih6cO0A5yjlrv72IQ9IEqhvcyzON9DCkrB3fWMbCGRyx6g03dQC9zaQjg5tva0DTCCzS+E1zry09007RB5gqa1/S95m5tSrr3/x1eMaK/gbe4c++dn7M1dngS/+LpGAc4wyv18e0SmoPifhcCW+JEcVA+GQUfsqvoOzXnum5emEbslcoTv92fLgOwwjRD3EApp2cxGE5Hn1ZbpLS/ODohr0Ykwiq8gSkfg09CV3P/JP1DLvpDMpjAVwLztAEWX5z8VqWljzPrm191NuOYChLK+Gd8HEeHCLUxpRmTvKRgIG5i3Da56s0MizHUzc7inlHWUjE+1YMQoRH8Oz8LIdzVLRciCJzNdG9uB/Ta5LhEBRVR1OrUQ36QfvvVmzST/sMZcj2juigAfu6VpzesTPwkzr0hE5tF/FYfkeK8KQrwNo7Pq8yyW5cCnLQjFIItiAI/2y2FvywLQd/JQ/fdaDlRYZ64FAEZl0csn5p5xUUpwG5HoqYGVqIFK40wDPtV1/V2OPWFe6cD6vMK0NqIJ65+AxPN9Jo2WK2pVtixEPW5aR9S3ytoh2SkNRVDncJ9UegoQLwAF3Io8kMm2HbQjREQYyqU8K8C5gXJTSP8eRgSft8HAup13OuiZdPr359zICZA2//90nxuHU196bTrHSIE9tVgrk5/IRL9/XlZI5WLRseEpkfDj6aSGYY5/8MGPg6sOe2dYrxzeRAK8gZ0fjl12pftd6kPc3GG/jzoCeuNn5XkecfglK2QKyktvaE9/ERAuQ9YuAjoALUDQ68OZ3DB857wvBnLK8vHEzl4evKdbytCRql7kGg0JOc+cIEWMaGkVQ2mAaAJ24LtyaVxtK0iC+2UyZkBhvjAoG6aWNE/0u0YB2Fk+8ZG1Yqj5d3zNUHdyWSDH+pFFjdMP//l8+vnnzjQcc0W5jlhXzN3vgvPPErv+MQKJVL5kMKlblTApUv59Wpdot2t40ymlhGPxBcFBFC1yF1/MZ/BLbS9EGUByJ5BJUWZnSTL+q0wOny3Igf6JxFDRpSjyWZkZKUdjTiKxdPCfLjaLmq6JL6Fn3R042FYO0xZapFgDlwaf4m8gRHPrNBrCf2vWbRhldZO7G73JCBJqNLfrfoXjLM6yNQQQgA5rk+p2SXBxBK2srvL3x6FM7V0u9Mcyzh0tR9b/++2/sIcJYwfu19UrOX9t2ljSIKWRj0I1vevu4sajVKIUhGGNsBIMYzCDUSS9zvtNW0OB4cz7fd3hP12CMaQsn1ninN11eX++ImaRlXU4Ldhi8rQBfYUqhktKjxaF9pxoxwO5huBS0uZWsBqRbwFxCuLxm8vk2ymVs0v5ZUaYC6vqY+N10jVdTsU7DVh0Byva+Xelh+HYstyKTs2PTyX5077wmGYjMpBUo+4gBIcAqCiy11BKGFYAmMg/CIue/1kk1mDf0y5//5OYXtUV7pJK8H1Wwd9CRZoxjUmXSRAMx0DlXy+QD76kWjV+e0r4VZT4XzA8ZDhbkKfJuDpuYnaNdeX9YgeOaTN7VrSj88vxhb6PSvQ7EYrpm43PvNoNdKto52GZj/qS2pA1XTy1hnXEql9LOUd6uv25QQs3sS49c4LGnFyuN3pNiIMqIOVITFDwAEQDjBZZsV/hKe8ihDrlHe15TaiewKUicuzq5tXw0j4+NBk4iMixIGBJVeAJGPCC25aoCnKOnAOLppqLAo5v/qJHj9997u6ZPfDQLoSxzRIbe82ek0rl+OkfULat65DOgGEyvrp+cG8/Gr6YYN49tvVJs9xokhvWnmSX/mm6KPfuPfIKFSkDn360LJlPP9/lfZDipTVI0okv1pC2wvbDrFBtqW0AB2E90DHa8mRyT6blli6kLn2YlHtGsha9JxSwXWcFhDM21DeSuaMtiD4fkuiNLMdHinBZPJXzryNvDgUUHffHSjXtEKohWlOb4qvGAqnZaG/glZzKwWJ0WLgfPqyGMl3NIh2GxhCK4Sm5PakXZ/6nGMfzWv/3rx7Xl+WseBJNOX2QLdZKw8LTgxquHzxCd92AI6WLMJLM06qbReUHDFRxRQfgvorl3KCWRBtMIZ9PY2vMXP2WHh0200P0Jb7rVG4F56vJKSyQ3E7hBR1JEy71XlALNXzzVevcgzPeP216E4lVTkplGqQOAowZiN3SNQ1FUcDcky18dc3xcWlOxKVGfPQCmH/Ztaluc5cRxLOM2/9x3NDXwSwzdAvBzmUpwdVfd+0ISlpOgw0liFwdgJ5BN0VhbeJ93Q48+PZEOc4iqXYDpE/9W27SjXdBjAtVw7tmgyQqcD43MVNbQL+u4/+i7xzdff/0NjxnCEUEWrTxq9p+X721vO4r0t8abdn3Wfj1esQVgWI9X4R0YsxKxfld/EhaP62Fk0m/F2OB3ADVlbSZVjswQ/3B4GuYAbSANKGwjXZR4XlGhMTEg0YEWI4eeGsdwE/pEc4uzzVvXB+QGyIJ6t+MuXiNpV0ZM2RDE8kAXl0FDiZJMtFHsXDnMdvdrK0lGo9H3e5wfRufBGZxLRc1XpDxmz28BpGmArBiBvxcAA3a9jQsymg3U5rGuf1ojx49rbfqvf/lRYfYfNYr8taITeuMwe6EjuOg40BB9LIjdx5x/ABYGkBNBcqYSIZOtp4nGFDer6plaOFzBU39VxoSjgjh1ec/VaEBs1qxwGokELg+q3zDCr776ppYtvsU0TX94P0Plinj9nrStx1h0PJ+ewR6RMIAspZzehyjNoN1gW99btVFmfeqMhMDIpoBI45H0VfI4F+5YEA8eCAzpbezLhkZnY5SUFfv7JZNh32C3bLbEG1pH6mSxiigfpGm6CGDJOZ0k0/ZytbzvdhTX6JqeSx2BNlIgdLXj4I2mGbSCDM4Xwo3wtFI0VlcYqy0Zn37/eRnBT27eqHQIawueVxr0wOfdxQsccmmUJi1THTXl514tVP/QKctJUBPRrlHCXzBbKdcYC1aQHbkhLd1SZLUy/VHMfKMRenQVoMd02bdq6aJ2GJOgE/p2mboXICrVEdn+Xop5VEfCclENt8lT2IyXkocUcwrlg+uju5SphgD25RdflrG/4a5joTVdey7Izve2YSk90LwkTFvAuFxA9rwOH1SQmu69MT5Jn6waJwLO+u32WrpC9/GuEz2j3QUIR2vMnd8gp0+yX+YAm8c+BujbB0Rw24+rhJ1V3Cun+5JHZOk5TT8KuCZq7ynNAR6eUrvg81pv/CHHCz797EtNlgR9zl6it8iqnbUFhuvVIV7L8LzHTuDTnztkJJVZ3m+DBgw+f4EtVrCNXfbstxAa7AP0gHnSjGg0IBQVb731JtftxiGMVV/MZxwG3yNIba0xOKRS6DHIemI/2IbYEQGgtBDkjPRLeHObpkCLtclvv/MWU7QY5jaWlNcGa7AH6ATjijA/FvAfl5H+4zl64zxAaWMM/63E0GjncszYLBBgyd83X3998/4HOM3llLtdg8EnxsSmffT1eYCz/vd9TZLEQvLlaQ7ZNeTtfbYJ7M4FLAfFeAAGvZR6LesVMFp7ADN5vugXr8BPYlr1hx+8WSvNPq4eoye1EP+pzJUGZS8Yy8FLFkWWrd9/u85Qmj12JBO+l2kbNt5x17BkE7xCHOrQtocFfoZ/uyfciGGHEQs4/fK8Pf9pz43epLQnuP2FGcl7xqhDpyFq2iBkPe6QXj+RlmGPyd6Z2vSI3BU1jmhl4gw4ysdVvfnmW1xYP1uJq87uwYjV2GhyRzpuryDgIQr88LB2KXhQJxvWmteYnBXWxhSAxCgTEdGY9XcCoPh85733Kn182wYg/gSuGLGgp1WCjqz8qpx6+/Xndf+72o4GDfZsdBU+YpRXQ4tBpS0UZ4c6MZ35UW1L83bRF4OaU1zE9G7YSiUrSlN3kvTfvviOmzd88rP3auT4ndqs95veOiV43u9ahFTk/Qe16FkWEy/hPFzYadwrNx/l69SS8Szoj8WMTRyOph6IEWALwmWynK5Opm24qj7bF4CVc4z7mca1Huq3abUmMN1rKQrXvWGrtlRXuO2+cvib9rQGphlWggCjZ3Vt+0qDUkZGYpe89Ljfk3w7oWnjpCqaf/pC9k0nD3a9eQz3TU7Sv3huAVt/kDeM/P59HGZSazFMu++OL4txNSJCjQ2UZUnKaM8hd8cr3KjW1/PJKqLUOIthrx0MLhHYVdabb71V0f0tOxQZZoAuIxWz+hSxoGOnZ7xa95/UQd7/+9//VAtsfnXzy4/fvvljnWz56PH3t7KABpq/1CmRk7dOL4Wqs6xFhHW5HHXnzKBBh16g/3n6eBVKBt5tLrjcUWKD32G/SnoBj1ipWa/bNQVjpqBvkpz+dhiImACWUV57gYWrjG0YOXo4boMX94HSAgPe6R2YvT6ZZ01ZGa9UN6vgnr9GrWSJsI7QvwD47o+Pbt54+eebl6/8z+UOjMBEXOpBL8nrDn/9XTdZOzaCxXXQxveIUufXdhhpi6QNMVXFanCKSskAcwbsYOQsAFbz4tHVvTFBJwdb6TMZVA4BxWS3ELKKMg16y3IJsVVkQZ+/afSv3vznH7+4+aTONf7X3/zs5q8VGf5W+5V2NKVgdL5YjIgGEKVzZ2MqZjUON/BboeuLOcUqMo0kH1zqQXrcAQRZZO4X44hS590cw5rn9OThysQYvY1zPtN6kGkU9sot985kKdCOYgFlUiIVP2YmWNkgyFcigIA4xh53YWXa4Dq9FNnODET7ay+f3Tx+5ZObb2/eFp9hNXLql61Oy1PG6Al5wA9oJJrnILlsIdJetOUePVzaS+0gJPNgGFEFyxk7pTkcBSvX7DKmU1HGitK0P2BMoPiR+4bW4qTaNkLOSTK133Q9Nnlb+LSxpieQeqp/3C3ilWc3n3/x6Oa7xz/c/Kp2pXvj4f2bz/76LbMTYVGuKlTd17pYs3hY+PivAKq9vxDc1goFoItR6Q+5GAXusg3YCJAbHF3Kyj1c1kmUHlzamNoIBwj7nvjY2VAiAASt9OfstoxXk3Dg2NpltafIvcgJoEiPQ3tyK0+kxdgli0hyg35yGT3LvvabSkdrt4IMhe2UwtprXXVjuK7QQ7eH95NrblL3hrSRitf+I8vj1bd41QiFXJCOvnbzotaKz548SR2NBSILnn2l1PhunSRmS8T1bnlsLHB/zc80aPhCewCTA8OzobQUhlI8za13aqsTlPO4zjH7jz/UPKJP3rv5/W8/4vjBt4+K9gusuS/i7dFHqa3D7eWtpAEp7cUPa+OrCNIyjaQlBHmPpoEKcWbsi9wi0Pmm8le3SXK/A9oAVZcisHgYX7EtErB3Ham0Xw2I7eR2dFB+OtIDqDiotiNeDH8g31GOrDu1j1mAA2ESPO55QwGx89/mTwbavRveOYFBHPoysLRfJi56+oojVYz75AtO+3aaF2jxIHDm7LDNSm+ro695XhuRabc26Zgu1W48ebzamGk3SucaVHNbKuMZcUDEHGRupyagale4Ff125wD0i43FEqWwdviPn1VP2LsP2V3699qj9G+1+iw7eUCn93PYdeCzrT9Jx75GOi4jqQgvaKxm8lsnOxevnYZ2O1mDczwmC8fwbzXeKv/PwMYmIN4joXm5ewUw/qe9RrwPmuRY53yc5WWg4+EuxkYpu5juN4JH/+cfyslyz6O/mYXFHlcbxU5ENqQUQfaGFEbKlRfO1n+uhymey8R7ibwxUhOVhmJkAOBm1mvAifJR2gBe3LRLoiN3zq8b4sUKw/SWp+xFU9el9yKjUT57hgHV2tGuHXd7rM4UEmViiHjiRa3qYiUxVnw1z6yWKRXEMoagktPx4F+mvXp1bl7U1pCZdQp+v/zH9zdPvv+qGsfv8ozjT//yzc3TajQDx0yBknOOZ17IsMJZ5YoEzry9UZH6xNOd2lljo2UKUY46wpV6uwlJGWEgCJPptCuFgUAGhZMp1rlmwn/Ab8PqXgXmw8g1vcHvhT1hXhev7QxiL0S0AdSXZxjSL6P3gYFhSYEiRIfviRwiXilCiuVplz8qmszI8jBs59mej91/tgoaqfPyyF2NSe98B55g+O11xE+b5vZGVksTRvLhoaWHVysFUpvR+sLXGCjeTe8Q5W/j2vKwsUWPeISLWso7vYbt41rW4n1ojA5W23TjwjYK2pAG/VDjFQQK9Vl6r2e/ryzlv/709c1HP3nz5ne/+enNX2qP0q+/rfUvmDW4fMAC14H88Wq+LH+FuT81f6jKUHflNH7ieVNKeyh71TgyeUE9JRCB8DqOqbYtl3HOX77H8xBKS7Fd/5TEl18+R76p5XjbgG7Dc9UWT9aUyQBjVCkvW8f04zGuHbpbCDFgN6b9DDuMX2qfIhhUnItkmETUYAMwVrpB2+cGd2MUbVg8A9mGsIy3UyHKTzylLpLqXI3XliPHQ2poagpI01YVvv7GWxRQO5Pombt44GrcVgcUOjvwm71j00s3n0FFMDKzRwkT8xwMoRq0U2ComdbDSgQU8vn5l09uHj15Xj1F79UBHhW19qSpneq3lR4QJELNi3Lz50/V1xxPaFWozqG/gTNY8DH1DTARyhBcBsUys6qpZXcRoq3MznDqXIIRCcjXa/4JPKEJWCU1U7tLdGAXisW36hKN9ytNU984bsh8Va4e7CupbAeCBWS6IPKaQbod5STwnevaErtewoseU2SQChqGZr3SqHB/CequKHCrzSPcUJEoF5EKPAsb6pxI3cOz0zu/Ixy09VkmIhTvvvqKNsUCDrO+mlBd9Dqg8R369PaAtII2XmWRNRO50iCMWifd1QGP6uyBjh99/+LmD3/+5uajD2oaS0AhPg3CevDwvQs1Ow0CwSAeg2k5sDoAkBey9AwQY2QQdQBDlXAnuUp/OAJM5kLTcsmtFBdA+Q6kN1CVY2OpZ3mGbKle9bBvnIq012Ltlma+B8ymODzhE56Q7R5E0CZjgL8uGsAuf0yk5UB2EAEIVk8PHtZidc1hUpx41qaLIp/U6r53gtZJ61JH5LTTOr0mD3nrD+/gnjGAtA9zqZBO7gjgqi2xBXhZ5CmjQIP1Vk/Qc7as+yRIpXhGkg1B9IvGtM2mWF9zuQ9qi3nMSsgYF0a1k+nI8GvNShX4ly+fol3oDWI378tTRSDpFdoG8KIGv9jyziEblvIh7C43DIX7kJ8QJbDzLGLv/z8NqqHCcrntXRec8kwrxZ7rOOfgbEwI/Phv864IN2WNQmgABQA01LtRvYAnUgaIIS1KzP1IAj026YyIPkYdExlV7MB0g4S3slfPMjKuNoiO+frwoeLO3yeti1I/B2f38iXmBM3U4+0YIDPt2GYvdZdjutT78iXSIK3VDsjlM5NSo52TM4FPpzdQlbJYqzsoaBZMfRG1RBM/kULSECpl6mWLUr8JF+NpHEco188XL+qwCh6edzmswsRPSqBildtdqrGXJ+H4/vwe+//3UaoRZZe3EH71/ALVEpK/gs5ZomlB3TICEXHa//YzkgAabogA8IZdRBDbVQ8NTRMdYx50ufUTZ6zcKxBgBFk71k0kTn/4+JExLKVeghoV6wGE3uPfuUu3fQL29V4s/EixRPAZDwwuRGcsUuIEwAVkCsbP3NNKc/pqLh5YufWRZqkAyoROpbdhF1Db2ZG31c1rIGrj7xhwLgpfrz/E+hZs8KzoR4m2setZ1LvaACooLf5GAUEbSMgrpixabbY+iXJZjIhXuJIw9U6r0dTmQ4dRZMtCbqZ7aQDHQ6uwjMaOi47IB/u6ooPw6nAOpCu2/Evl+nkF/m4QrRfSQHu15tlAYTtKiPWmhIwrXA/fUfamgX3iL9RFm65fO6ojAlm0kmVk3Nu/78ggS2D6xy5qbwJAUJ0N3gaZPNQJ+mHH5NYzJXKkExwT0E/pevVMJCLoJRmKGKG3Uz0LL2rUa7vKlo/vH5iJh7dMK3s6aQ799S4MgKsJj+hnycUi6vkVAVYw2S7Qc10mM5CHRN8/Q03WEZsJaceCDJO8hEbYLrjtsg2Mx5/WWoJ4wSO8udswg3YjmFhkYDG64pUaU9AAifc6bX8Qq5RejBjZl/XUN6I03qrGGrd8TKN6eFUh2wBCywIWZaKSsx6Bp2zB4NEIXgob19XFEiD6fz610dRdhoVI9QxyZ9kjTbUhhs7TK28nlb52Pc4IXTQix86kQtuNPDGL3cZ+zSlGNzoJXs+jrOceYc6eVN0muZa5yIsMWuqsW8bFjpSnGEj1CsA7MIn3PA5ggXYKJGHdSgV8AYLAyCpBsHpqMgC2vQxHEg2Mjh4LKKwnIb967R6wR0lds/GgRqcmT/GyewIsTwog3mj7MOpEO0pkJ7iXbYT/hMfrktzU4dxNQCvhIqrYOeQRebomnaAUF6P4SJp8+wVGAI8qc6Zlwoo/V5GS3AZZgNyV577aFRgVZaTyHKgDNG0EMSYxkEZmi3c7gOr1QptPYxZJS8YgF7f2/AtI8TkE48woBRnc5xNtNZxr1mBVxGow2nlE37Y4vrfbMnnl9Vrl+KzmqN3DGMMypB31NBmOTF8XAIw2hc/THDD3h43AoDpeE8STINBV390g4nNmACXt0cfBGLqwkKqshdp4NoYXGoCRI5qoBBmeHlZjR+pAgzWDaj2IvUAUlG4veXj/hWqU//KlDm1OD1AAfkoIVyXTXVV7b1cqZav7MzMjNZAG4ptxe2x5ZDFoqN1hDAEIyr7/KiJg+u0jadNko4nt/P98N6sxOeiiRtlHyjKobLu5Gi5AjqWLOAjwCtgfH4ghONXjvK/AUCxH0e1Ud7UdFc0Qlvk+f/6I0yMmtVIpeqTks/u+m/L+Iqjib2wAK78q/akLVBr0NJLrguOp266WAFMeL7ng5NZMqZB33x5DAAAE+ElEQVSP23VO5F5gaIIiEBGoaCNB7ukJmQLBKB2vR4ONf471bgm0RdM5iEXLogqKx85cJpW0BDFT2iRw0jSyEh02VlDCuUBVk0dEW9cLAHMNjLhG2Xkb/DYwGsCPGqNhV+j/N3KcxtUKMJ2bs4cPq5+9uhkB1vbWi85bDiF8s+dM87uSJqexK30rHcK5XSlDJO/aJYVhRfc6ncQNO4fXS6bY76rXgEROvG+DG+8Or2D/aVxsgDJKOA1gP/CaWKYy5FXY93ooBMrFmYdaSB9gE7CEgL7gXZSp3h9dG/Dj0hjiQCdGMQLbAyV4TuVODuxANBHE4TOlX+yUsbGvhYb6BKD2zNfmZdvQMpoGRWtupw+KKD0VwmU4iAkvt8odJV5vtZEDGD6iavf2/bOcX1HTytiVWswhHSDGcsb0BAmNMeZEYV9bPqajlrESOrTYXjuKzPqPwdQdrNsIJBX8l4fd5RPYhhGV3h8iDeJOJTXgFudnIwHJ3KjxbLjIMgAkyoBzNbA4Bae8SOjJ/xvMh6KD8pAtwuJt+csCzWuaUlwpVe9Lulm2MbT33a9v6a5yjZbw1UsWCaQ93DcGGOVs0pTD21I30XWJPSGcFDYlHlTbWALcnnQe70YxxXAFfg6EccRScu5NiuNBW92hss1Kb4TvPFe/X2AHBqRrnPaeklPgqftN/3zfdYlf9NKxKzTnvrHeq4nGOY2+hj5hTN5f0TTf1Q5wtFr8nFS4tgAatZsGfrJclY806MWLx0qDfY3U2mgrOap0xhUhXUduT4w6DWnCmPZooIoDHVXAOjlHonXFIzwx2GEsBJCbDDTpGZQJxs+Uh5bYkB0MBvgmHLQGWEuLfZJ8pzoqi/mgKPC3vOTrjgqtVpKxDLuXU8ZRbLNhwU3zxdbpYQP7RFwN2CjkZQv4W6MRXdCtElWhAThYVC2ZANiDgFKU9bVNYhnzFW3zSmMDHrVP2VkRQHTYafjr1bBiCHt7GuLkZU22KzkkspCrjphdcvMbXvUpHA241QX+8N7rla5py3/K3t4/79x/+1V0R0nczwvRPwTVNgBlPfhPGUD992VZy+sPkQI0PDo9eVZh8ekzH/BMIaZfaIlAc1uF5TjX+vLqfYz21U5wRaymxhsQfpCelu8ppUo+1UJa3kL5XdYVTLvA4hFcvK1hljaGQhR9Htg2RjaJ53hn0tQTvuQ49LcgPPjsO520QSGRNbZDKTknKot1lZc20gZT18Uy5k74pAjL7d33P80aldyV7jTX0lWum6Zuv1lXebr6AG4e1BTLe69oHUjok1PbBrqp1fcAj2kx6iNvqqBMqn7UVBhPuBvnORYpslcbwaH7NAYbM9YbVI/dsweaZ9TnXgAeVSOdruQhkb1WinzwcJ0KvzzLsGJijIvN4utlFW9XZbm1HUlk2PcWsCMZGKAGrvymnzlFCm9/CpaevBh8WgbInN2e4M0apHtQKQBOTT/6wpES1CSsiBJpx9MK6fV6hfZnvUgDtaSbl72InrQV8dODAWQlZKQrSuU0scuabl6s4zGLaAy5f9Xz/P5bNw+efXrzu//+X1WgD5GIl4gXzO9buJKzmC3bBtjYakUjwWspZ+qOBWwBb9k2mI2YNmQcNO1jk/YzNID0fKmgyKQpWtG106Z2XqgH83YQCaqBXWM4/YdnYqB3lNtlxcpIqwrGjAXOB8rERT5D07v5f028QqNCDILOAAAAAElFTkSuQmCC","imageBase64Truncated":false}
[PASSED] System Control Tools #2 – Play sound with missing asset fails (32.8 ms) => {"success":false,"error":"Sound asset not found"}
[PASSED] System Control Tools #3 – Play sound at location missing asset fails (11.4 ms) => {"success":false,"error":"Sound asset not found"}
[PASSED] System Control Tools #4 – Play sound with empty path fails validation (0.7 ms) => Failed to execute system_control: Missing required parameter: soundPath
[PASSED] System Control Tools #5 – Read Output Log tail with defaults (33.6 ms) => {"success":true,"logPath":"C:/Users/Decipher/Documents/Unreal Projects/TestProjectGenAI/Saved/Logs/TestProjectGenAI.log","entries":[{"timestamp":"2025.12.04-01.09.37:653","category":"LogPython","level":"Error","message":"return _default_encoder.encode(obj)"},{"timestamp":"2025.12.04-01.09.37:653","category":"LogPython","level":"Error","message":"^^^^^^^^^^^^^^^^^^^^^^^^^^^^"},{"timestamp":"2025.12.04-01.09.37:653","category":"LogPython","level":"Error","message":"File \"E:\\Unreal Engine\\UE_5.7\\Engine\\Binaries\\ThirdParty\\Python3\\Win64\\Lib\\json\\encoder.py\", line 200, in encode"},{"timestamp":"2025.12.04-01.09.37:653","category":"LogPython","level":"Error","message":"chunks = self.iterencode(o, _one_shot=True)"},{"timestamp":"2025.12.04-01.09.37:653","category":"LogPython","level":"Error","message":"^^^^^^^^^^^^^^^^^^^^^^^^^^^^^^^^^^"},{"timestamp":"2025.12.04-01.09.37:653","category":"LogPython","level":"Error","message":"File \"E:\\Unreal Engine\\UE_5.7\\Engine\\Binaries\\ThirdParty\\Python3\\Win64\\Lib\\json\\encoder.py\", line 258, in iterencode"},{"timestamp":"2025.12.04-01.09.37:653","category":"LogPython","level":"Error","message":"return _iterencode(o, 0)"},{"timestamp":"2025.12.04-01.09.37:653","category":"LogPython","level":"Error","message":"^^^^^^^^^^^^^^^^^"},{"timestamp":"2025.12.04-01.09.37:653","category":"LogPython","level":"Error","message":"File \"E:\\Unreal Engine\\UE_5.7\\Engine\\Binaries\\ThirdParty\\Python3\\Win64\\Lib\\json\\encoder.py\", line 180, in default"},{"timestamp":"2025.12.04-01.09.37:653","category":"LogPython","level":"Error","message":"raise TypeError(f'Object of type {o.__class__.__name__} '"},{"timestamp":"2025.12.04-01.09.37:653","category":"LogPython","level":"Error","message":"TypeError: Object of type Name is not JSON serializable"},{"timestamp":"2025.12.04-01.09.37:692","category":"LogActorFactory","level":"Log","message":"Actor Factory attempting to spawn Class /Script/Landscape.Landscape"},{"timestamp":"2025.12.04-01.09.37:692","category":"LogActorFactory","level":"Log","message":"Actor Factory attempting to spawn Class /Script/Landscape.Landscape"},{"timestamp":"2025.12.04-01.09.37:710","category":"LogActorFactory","level":"Log","message":"Actor Factory spawned Class /Script/Landscape.Landscape as actor: LandscapePlaceholder /Game/NewMap.NewMap:PersistentLevel.LandscapePlaceholder_UAID_B48C9D80FEFC20A802_1914990609"},{"timestamp":"2025.12.04-01.09.37:710","category":"LogActorComponent","level":"Log","message":"RegisterComponentWithWorld: (/Game/NewMap.NewMap:PersistentLevel.LandscapePlaceholder_UAID_B48C9D80FEFC20A802_1914990609.RootComponent0) Trying to register component with IsValid() == false. Aborting."},{"timestamp":"2025.12.04-01.09.37:710","category":"LogActorFactory","level":"Log","message":"Actor Factory spawned Class /Script/Landscape.Landscape as actor: LandscapePlaceholder /Game/NewMap.NewMap:PersistentLevel.LandscapePlaceholder_UAID_B48C9D80FEFC20A802_1914990609"},{"timestamp":"2025.12.04-01.09.37:710","category":"LogActorComponent","level":"Log","message":"RegisterComponentWithWorld: (/Game/NewMap.NewMap:PersistentLevel.LandscapePlaceholder_UAID_B48C9D80FEFC20A802_1914990609.RootComponent0) Trying to register component with IsValid() == false. Aborting."},{"timestamp":"2025.12.04-01.09.37:711","category":"LogActorComponent","level":"Log","message":"RegisterComponentWithWorld: (/Game/NewMap.NewMap:PersistentLevel.LandscapePlaceholder_UAID_B48C9D80FEFC20A802_1914990609.RootComponent0) Trying to register component with IsValid() == false. Aborting."},{"timestamp":"2025.12.04-01.09.37:762","category":"LogActorFactory","level":"Log","message":"Actor Factory attempting to spawn Class /Script/Landscape.Landscape"},{"timestamp":"2025.12.04-01.09.37:762","category":"LogActorFactory","level":"Log","message":"Actor Factory attempting to spawn Class /Script/Landscape.Landscape"},{"timestamp":"2025.12.04-01.09.37:772","category":"LogActorFactory","level":"Log","message":"Actor Factory spawned Class /Script/Landscape.Landscape as actor: LandscapePlaceholder /Game/NewMap.NewMap:PersistentLevel.LandscapePlaceholder_UAID_B48C9D80FEFC20A802_1915051610"},{"timestamp":"2025.12.04-01.09.37:772","category":"LogActorComponent","level":"Log","message":"RegisterComponentWithWorld: (/Game/NewMap.NewMap:PersistentLevel.LandscapePlaceholder_UAID_B48C9D80FEFC20A802_1915051610.RootComponent0) Trying to register component with IsValid() == false. Aborting."},{"timestamp":"2025.12.04-01.09.37:772","category":"LogActorFactory","level":"Log","message":"Actor Factory spawned Class /Script/Landscape.Landscape as actor: LandscapePlaceholder /Game/NewMap.NewMap:PersistentLevel.LandscapePlaceholder_UAID_B48C9D80FEFC20A802_1915051610"},{"timestamp":"2025.12.04-01.09.37:772","category":"LogActorComponent","level":"Log","message":"RegisterComponentWithWorld: (/Game/NewMap.NewMap:PersistentLevel.LandscapePlaceholder_UAID_B48C9D80FEFC20A802_1915051610.RootComponent0) Trying to register component with IsValid() == false. Aborting."},{"timestamp":"2025.12.04-01.09.37:773","category":"LogActorComponent","level":"Log","message":"RegisterComponentWithWorld: (/Game/NewMap.NewMap:PersistentLevel.LandscapePlaceholder_UAID_B48C9D80FEFC20A802_1915051610.RootComponent0) Trying to register component with IsValid() == false. Aborting."},{"timestamp":"2025.12.04-01.09.37:785","category":"LogSlate","level":"Log","message":"Window 'Content Browser' being destroyed"},{"timestamp":"2025.12.04-01.09.37:790","category":"LogSlate","level":"Log","message":"Window 'Content Browser' being destroyed"},{"timestamp":"2025.12.04-01.09.37:826","category":"LogEditorAssetSubsystem","level":"Error","message":"LoadAsset failed: The AssetData '/Game/Foliage/Types/FT_Missing.FT_Missing' could not be found in the Asset Registry."},{"timestamp":"2025.12.04-01.09.37:845","category":"Cmd","level":"Log","message":"stat fps"},{"timestamp":"2025.12.04-01.09.37:979","category":"LogConfig","level":"Log","message":"Applying CVar settings from Section [ShadowQuality@2] File [Scalability]"},{"timestamp":"2025.12.04-01.09.37:979","message":"sg.ShadowQuality = \"2\""},{"timestamp":"2025.12.04-01.09.37:988","message":""},{"message":"HISTORY"},{"timestamp":"2025.12.04-01.09.37:988","category":"Constructor","level":"Log","message":"3"},{"timestamp":"2025.12.04-01.09.37:988","category":"Scalability","level":"Log","message":"3"},{"timestamp":"2025.12.04-01.09.37:988","category":"Console","level":"Log","message":"2"},{"timestamp":"2025.12.04-01.09.37:988","message":"sg.ShadowQuality = \"2\"      LastSetBy: Console"},{"timestamp":"2025.12.04-01.09.38:128","category":"Cmd","level":"Log","message":"stat startfile"},{"timestamp":"2025.12.04-01.09.38:143","category":"LogStats","level":"Log","message":"Wrote stats file: C:/Users/Decipher/Documents/Unreal Projects/TestProjectGenAI/Saved/Profiling/UnrealStats/NewMap-WindowsEditor-12.03-16.51.13/Pid45364_NewMap-WindowsEditor-03-19.09.04.uestats"},{"timestamp":"2025.12.04-01.09.38:144","category":"LogStats","level":"Log","message":"Opening stats file: C:/Users/Decipher/Documents/Unreal Projects/TestProjectGenAI/Saved/Profiling/UnrealStats/NewMap-WindowsEditor-12.03-16.51.13/Pid45364_NewMap-WindowsEditor-03-19.09.38.uestats.inprogress"},{"timestamp":"2025.12.04-01.09.38:281","category":"Cmd","level":"Log","message":"Shot"}],"filteredCount":41}
[PASSED] System Control Tools #6 – Read Output Log filtered by custom categories (1.2 ms) => {"success":true,"logPath":"C:/Users/Decipher/Documents/Unreal Projects/TestProjectGenAI/Saved/Logs/TestProjectGenAI.log","entries":[],"filteredCount":0}
[PASSED] Debug Tools #1 – Draw debug sphere in front of camera (30.1 ms) => {"success":true,"action":"debug_sphere","params":{"center":[0,0,100],"radius":50,"segments":12,"color":[1,0,0,1],"duration":3,"thickness":1},"rawOutput":"DEBUG_DRAW:{\"action\": \"debug_sphere\", \"params\": {\"center\": [0, 0, 100], \"radius\": 50, \"segments\": 12, \"color\": [1, 0, 0, 1], \"duration\": 3, \"thickness\": 1}}","raw":{"CommandResult":"None","LogOutput":[{"Type":"Info","Output":"DEBUG_DRAW:{\"action\": \"debug_sphere\", \"params\": {\"center\": [0, 0, 100], \"radius\": 50, \"segments\": 12, \"color\": [1, 0, 0, 1], \"duration\": 3, \"thickness\": 1}}\r\n"}],"ReturnValue":true}}
[PASSED] Debug Tools #2 – Debug shape rejects unknown primitive (0.6 ms) => {"success":false,"error":"Unsupported debug shape: Hexagon"}
[PASSED] Remote Control Preset Tools #1 – Create RC preset (92.8 ms) => {"success":true,"presetPath":"/Game/RCPresets/RCP_Test","message":"Remote Control preset created: RCP_Test","presetId":"/Game/RCPresets/RCP_Test"}
[PASSED] Remote Control Preset Tools #2 – Create preset invalid path (0.5 ms) => {"success":false,"error":"Preset path must be under /Game. Received: /Engine/Restricted"}
[PASSED] Remote Control Preset Tools #3 – Expose actor (154.6 ms) => {"success":true,"message":"Actor 'MCP_Cube_B' exposed to preset"}
[PASSED] Remote Control Preset Tools #4 – Expose missing actor (84.2 ms) => {"success":false,"error":"Actor 'MissingActor' not found"}
[PASSED] Remote Control Preset Tools #5 – List fields empty preset (22.3 ms) => {"success":true,"fields":[],"exposedProperties":[]}
[PASSED] Remote Control Preset Tools #6 – Delete preset success (518.4 ms) => {"success":true,"message":"Preset deleted successfully"}

Summary
=======
Total cases processed: 94
Passed: 94
Failed: 0
Skipped: 0
Results written to: D:\Unreal\UE_mcp_extended\tests\reports\unreal-tool-test-results-2025-12-04T01-09-19.028Z.json
